Component: ARM Compiler 5.06 update 6 (build 750) Tool: armlink [4d35ed]

==============================================================================

Section Cross References

    startup_stm32f103xb.o(STACK) refers (Special) to heapauxi.o(.text) for __use_two_region_memory
    startup_stm32f103xb.o(HEAP) refers (Special) to heapauxi.o(.text) for __use_two_region_memory
    startup_stm32f103xb.o(RESET) refers (Special) to heapauxi.o(.text) for __use_two_region_memory
    startup_stm32f103xb.o(RESET) refers to startup_stm32f103xb.o(STACK) for __initial_sp
    startup_stm32f103xb.o(RESET) refers to startup_stm32f103xb.o(.text) for Reset_Handler
    startup_stm32f103xb.o(RESET) refers to stm32f1xx_it.o(i.NMI_Handler) for NMI_Handler
    startup_stm32f103xb.o(RESET) refers to stm32f1xx_it.o(i.HardFault_Handler) for HardFault_Handler
    startup_stm32f103xb.o(RESET) refers to stm32f1xx_it.o(i.MemManage_Handler) for MemManage_Handler
    startup_stm32f103xb.o(RESET) refers to stm32f1xx_it.o(i.BusFault_Handler) for BusFault_Handler
    startup_stm32f103xb.o(RESET) refers to stm32f1xx_it.o(i.UsageFault_Handler) for UsageFault_Handler
    startup_stm32f103xb.o(RESET) refers to stm32f1xx_it.o(i.SVC_Handler) for SVC_Handler
    startup_stm32f103xb.o(RESET) refers to stm32f1xx_it.o(i.DebugMon_Handler) for DebugMon_Handler
    startup_stm32f103xb.o(RESET) refers to stm32f1xx_it.o(i.PendSV_Handler) for PendSV_Handler
    startup_stm32f103xb.o(RESET) refers to stm32f1xx_it.o(i.SysTick_Handler) for SysTick_Handler
    startup_stm32f103xb.o(RESET) refers to stm32f1xx_it.o(i.EXTI0_IRQHandler) for EXTI0_IRQHandler
    startup_stm32f103xb.o(RESET) refers to stm32f1xx_it.o(i.EXTI1_IRQHandler) for EXTI1_IRQHandler
    startup_stm32f103xb.o(RESET) refers to stm32f1xx_it.o(i.EXTI2_IRQHandler) for EXTI2_IRQHandler
    startup_stm32f103xb.o(RESET) refers to stm32f1xx_it.o(i.EXTI3_IRQHandler) for EXTI3_IRQHandler
    startup_stm32f103xb.o(RESET) refers to stm32f1xx_it.o(i.EXTI4_IRQHandler) for EXTI4_IRQHandler
    startup_stm32f103xb.o(RESET) refers to stm32f1xx_it.o(i.EXTI9_5_IRQHandler) for EXTI9_5_IRQHandler
    startup_stm32f103xb.o(RESET) refers to stm32f1xx_it.o(i.TIM1_CC_IRQHandler) for TIM1_CC_IRQHandler
    startup_stm32f103xb.o(.text) refers (Special) to heapauxi.o(.text) for __use_two_region_memory
    startup_stm32f103xb.o(.text) refers to system_stm32f1xx.o(i.SystemInit) for SystemInit
    startup_stm32f103xb.o(.text) refers to __main.o(!!!main) for __main
    startup_stm32f103xb.o(.text) refers to startup_stm32f103xb.o(HEAP) for Heap_Mem
    startup_stm32f103xb.o(.text) refers to startup_stm32f103xb.o(STACK) for Stack_Mem
    fonts.o(i.FONTS_GetStringSize) refers to strlen.o(.text) for strlen
    fonts.o(.data) refers to fonts.o(.constdata) for Font7x10
    fonts.o(.data) refers to fonts.o(.constdata) for Font11x18
    fonts.o(.data) refers to fonts.o(.constdata) for Font16x26
    test.o(i.TestCircles) refers to ssd1306.o(i.SSD1306_Clear) for SSD1306_Clear
    test.o(i.TestCircles) refers to ssd1306.o(i.SSD1306_DrawCircle) for SSD1306_DrawCircle
    test.o(i.TestCircles) refers to ssd1306.o(i.SSD1306_UpdateScreen) for SSD1306_UpdateScreen
    test.o(i.TestCircles) refers to stm32f1xx_hal.o(i.HAL_Delay) for HAL_Delay
    test.o(i.TestFilledCircles) refers to ssd1306.o(i.SSD1306_Clear) for SSD1306_Clear
    test.o(i.TestFilledCircles) refers to ssd1306.o(i.SSD1306_DrawFilledCircle) for SSD1306_DrawFilledCircle
    test.o(i.TestFilledCircles) refers to ssd1306.o(i.SSD1306_UpdateScreen) for SSD1306_UpdateScreen
    test.o(i.TestFilledCircles) refers to stm32f1xx_hal.o(i.HAL_Delay) for HAL_Delay
    test.o(i.TestFilledRectangles) refers to ssd1306.o(i.SSD1306_Clear) for SSD1306_Clear
    test.o(i.TestFilledRectangles) refers to ssd1306.o(i.SSD1306_DrawFilledRectangle) for SSD1306_DrawFilledRectangle
    test.o(i.TestFilledRectangles) refers to ssd1306.o(i.SSD1306_UpdateScreen) for SSD1306_UpdateScreen
    test.o(i.TestFilledRectangles) refers to stm32f1xx_hal.o(i.HAL_Delay) for HAL_Delay
    test.o(i.TestLines) refers to ssd1306.o(i.SSD1306_Clear) for SSD1306_Clear
    test.o(i.TestLines) refers to ssd1306.o(i.SSD1306_DrawLine) for SSD1306_DrawLine
    test.o(i.TestLines) refers to stm32f1xx_hal.o(i.HAL_Delay) for HAL_Delay
    test.o(i.TestLines) refers to ssd1306.o(i.SSD1306_UpdateScreen) for SSD1306_UpdateScreen
    test.o(i.TestRectangles) refers to ssd1306.o(i.SSD1306_Clear) for SSD1306_Clear
    test.o(i.TestRectangles) refers to ssd1306.o(i.SSD1306_DrawRectangle) for SSD1306_DrawRectangle
    test.o(i.TestRectangles) refers to ssd1306.o(i.SSD1306_UpdateScreen) for SSD1306_UpdateScreen
    test.o(i.TestRectangles) refers to stm32f1xx_hal.o(i.HAL_Delay) for HAL_Delay
    test.o(i.TestTriangles) refers to ssd1306.o(i.SSD1306_Clear) for SSD1306_Clear
    test.o(i.TestTriangles) refers to ssd1306.o(i.SSD1306_DrawTriangle) for SSD1306_DrawTriangle
[...]
    ../clib/armsys.c                         0x00000000   Number         0  _get_argv_nomalloc.o ABSOLUTE
    ../clib/armsys.c                         0x00000000   Number         0  argv_veneer.o ABSOLUTE
    ../clib/armsys.c                         0x00000000   Number         0  no_argv.o ABSOLUTE
    ../clib/armsys.c                         0x00000000   Number         0  argv_veneer.o ABSOLUTE
    ../clib/heapalloc.c                      0x00000000   Number         0  hrguard.o ABSOLUTE
    ../clib/heapaux.c                        0x00000000   Number         0  heapauxi.o ABSOLUTE
    ../clib/libinit.s                        0x00000000   Number         0  libinit.o ABSOLUTE
    ../clib/libinit.s                        0x00000000   Number         0  libinit2.o ABSOLUTE
    ../clib/libinit.s                        0x00000000   Number         0  libshutdown.o ABSOLUTE
    ../clib/libinit.s                        0x00000000   Number         0  libshutdown2.o ABSOLUTE
    ../clib/longlong.s                       0x00000000   Number         0  llushr.o ABSOLUTE
    ../clib/memcpset.s                       0x00000000   Number         0  aeabi_memset.o ABSOLUTE
    ../clib/memcpset.s                       0x00000000   Number         0  rt_memclr_w.o ABSOLUTE
    ../clib/memcpset.s                       0x00000000   Number         0  rt_memclr.o ABSOLUTE
    ../clib/printf.c                         0x00000000   Number         0  __printf_flags_wp.o ABSOLUTE
    ../clib/printf.c                         0x00000000   Number         0  __printf_wp.o ABSOLUTE
    ../clib/printf.c                         0x00000000   Number         0  __printf_flags_ss.o ABSOLUTE
    ../clib/printf.c                         0x00000000   Number         0  __printf_ss.o ABSOLUTE
    ../clib/printf.c                         0x00000000   Number         0  __printf_nopercent.o ABSOLUTE
    ../clib/printf.c                         0x00000000   Number         0  __printf_flags.o ABSOLUTE
    ../clib/printf.c                         0x00000000   Number         0  _printf_dec.o ABSOLUTE
    ../clib/printf.c                         0x00000000   Number         0  __printf.o ABSOLUTE
    ../clib/printf.c                         0x00000000   Number         0  __2sprintf.o ABSOLUTE
    ../clib/printf.c                         0x00000000   Number         0  noretval__2sprintf.o ABSOLUTE
    ../clib/printf.c                         0x00000000   Number         0  _sputc.o ABSOLUTE
    ../clib/printf.c                         0x00000000   Number         0  _printf_char_common.o ABSOLUTE
    ../clib/printf.c                         0x00000000   Number         0  _printf_intcommon.o ABSOLUTE
    ../clib/printf.c                         0x00000000   Number         0  __printf_flags_ss_wp.o ABSOLUTE
    ../clib/printf.c                         0x00000000   Number         0  __printf_ss_wp.o ABSOLUTE
    ../clib/printf_percent.s                 0x00000000   Number         0  _printf_d.o ABSOLUTE
    ../clib/printf_percent.s                 0x00000000   Number         0  _printf_percent_end.o ABSOLUTE
    ../clib/printf_percent.s                 0x00000000   Number         0  _printf_percent.o ABSOLUTE
    ../clib/signal.c                         0x00000000   Number         0  defsig_rtmem_formal.o ABSOLUTE
    ../clib/signal.c                         0x00000000   Number         0  defsig_abrt_inner.o ABSOLUTE
    ../clib/signal.c                         0x00000000   Number         0  defsig_rtmem_outer.o ABSOLUTE
    ../clib/signal.c                         0x00000000   Number         0  defsig_exit.o ABSOLUTE
    ../clib/signal.c                         0x00000000   Number         0  defsig_rtmem_inner.o ABSOLUTE
    ../clib/signal.c                         0x00000000   Number         0  defsig_fpe_inner.o ABSOLUTE
    ../clib/signal.c                         0x00000000   Number         0  __raise.o ABSOLUTE
    ../clib/signal.c                         0x00000000   Number         0  defsig_general.o ABSOLUTE
    ../clib/signal.c                         0x00000000   Number         0  defsig_other.o ABSOLUTE
    ../clib/signal.c                         0x00000000   Number         0  defsig_segv_inner.o ABSOLUTE
    ../clib/signal.c                         0x00000000   Number         0  defsig_cppl_inner.o ABSOLUTE
    ../clib/signal.c                         0x00000000   Number         0  defsig_pvfn_inner.o ABSOLUTE
    ../clib/signal.c                         0x00000000   Number         0  defsig_stak_inner.o ABSOLUTE
    ../clib/signal.c                         0x00000000   Number         0  defsig_rtred_inner.o ABSOLUTE
    ../clib/signal.s                         0x00000000   Number         0  defsig.o ABSOLUTE
    ../clib/stdlib.c                         0x00000000   Number         0  exit.o ABSOLUTE
    ../clib/string.c                         0x00000000   Number         0  strlen.o ABSOLUTE
    ../fplib/d2f.s                           0x00000000   Number         0  d2f.o ABSOLUTE
    ../fplib/daddsub.s                       0x00000000   Number         0  daddsub_clz.o ABSOLUTE
    ../fplib/dcheck1.s                       0x00000000   Number         0  dcheck1.o ABSOLUTE
    ../fplib/ddiv.s                          0x00000000   Number         0  ddiv.o ABSOLUTE
    ../fplib/dfix.s                          0x00000000   Number         0  dfix.o ABSOLUTE
    ../fplib/dflt.s                          0x00000000   Number         0  dflt_clz.o ABSOLUTE
    ../fplib/dmul.s                          0x00000000   Number         0  dmul.o ABSOLUTE
    ../fplib/dnaninf.s                       0x00000000   Number         0  dnaninf.o ABSOLUTE
    ../fplib/dretinf.s                       0x00000000   Number         0  dretinf.o ABSOLUTE
    ../fplib/f2d.s                           0x00000000   Number         0  f2d.o ABSOLUTE
    ../fplib/fnaninf.s                       0x00000000   Number         0  fnaninf.o ABSOLUTE
    ../fplib/fpinit.s                        0x00000000   Number         0  fpinit.o ABSOLUTE
    ../fplib/fretinf.s                       0x00000000   Number         0  fretinf.o ABSOLUTE
    ../fplib/retnan.s                        0x00000000   Number         0  retnan.o ABSOLUTE
    ../fplib/scalbn.s                        0x00000000   Number         0  scalbn.o ABSOLUTE
    ../fplib/trapv.s                         0x00000000   Number         0  trapv.o ABSOLUTE
    ../fplib/usenofp.s                       0x00000000   Number         0  usenofp.o ABSOLUTE
    ..\Core\Src\fonts.c                      0x00000000   Number         0  fonts.o ABSOLUTE
    ..\Core\Src\main.c                       0x00000000   Number         0  main.o ABSOLUTE
    ..\Core\Src\ssd1306.c                    0x00000000   Number         0  ssd1306.o ABSOLUTE
    ..\Core\Src\stm32f1xx_hal_msp.c          0x00000000   Number         0  stm32f1xx_hal_msp.o ABSOLUTE
    ..\Core\Src\stm32f1xx_it.c               0x00000000   Number         0  stm32f1xx_it.o ABSOLUTE
    ..\Core\Src\system_stm32f1xx.c           0x00000000   Number         0  system_stm32f1xx.o ABSOLUTE
    ..\Core\Src\test.c                       0x00000000   Number         0  test.o ABSOLUTE
    ..\Drivers\STM32F1xx_HAL_Driver\Src\stm32f1xx_hal.c 0x00000000   Number         0  stm32f1xx_hal.o ABSOLUTE
    ..\Drivers\STM32F1xx_HAL_Driver\Src\stm32f1xx_hal_cortex.c 0x00000000   Number         0  stm32f1xx_hal_cortex.o ABSOLUTE
    ..\Drivers\STM32F1xx_HAL_Driver\Src\stm32f1xx_hal_dma.c 0x00000000   Number         0  stm32f1xx_hal_dma.o ABSOLUTE
    ..\Drivers\STM32F1xx_HAL_Driver\Src\stm32f1xx_hal_exti.c 0x00000000   Number         0  stm32f1xx_hal_exti.o ABSOLUTE
    ..\Drivers\STM32F1xx_HAL_Driver\Src\stm32f1xx_hal_flash.c 0x00000000   Number         0  stm32f1xx_hal_flash.o ABSOLUTE
    ..\Drivers\STM32F1xx_HAL_Driver\Src\stm32f1xx_hal_flash_ex.c 0x00000000   Number         0  stm32f1xx_hal_flash_ex.o ABSOLUTE
    ..\Drivers\STM32F1xx_HAL_Driver\Src\stm32f1xx_hal_gpio.c 0x00000000   Number         0  stm32f1xx_hal_gpio.o ABSOLUTE
    ..\Drivers\STM32F1xx_HAL_Driver\Src\stm32f1xx_hal_gpio_ex.c 0x00000000   Number         0  stm32f1xx_hal_gpio_ex.o ABSOLUTE
    ..\Drivers\STM32F1xx_HAL_Driver\Src\stm32f1xx_hal_i2c.c 0x00000000   Number         0  stm32f1xx_hal_i2c.o ABSOLUTE
    ..\Drivers\STM32F1xx_HAL_Driver\Src\stm32f1xx_hal_pwr.c 0x00000000   Number         0  stm32f1xx_hal_pwr.o ABSOLUTE
    ..\Drivers\STM32F1xx_HAL_Driver\Src\stm32f1xx_hal_rcc.c 0x00000000   Number         0  stm32f1xx_hal_rcc.o ABSOLUTE
    ..\Drivers\STM32F1xx_HAL_Driver\Src\stm32f1xx_hal_rcc_ex.c 0x00000000   Number         0  stm32f1xx_hal_rcc_ex.o ABSOLUTE
    ..\Drivers\STM32F1xx_HAL_Driver\Src\stm32f1xx_hal_tim.c 0x00000000   Number         0  stm32f1xx_hal_tim.o ABSOLUTE
    ..\Drivers\STM32F1xx_HAL_Driver\Src\stm32f1xx_hal_tim_ex.c 0x00000000   Number         0  stm32f1xx_hal_tim_ex.o ABSOLUTE
    ..\\Core\\Src\\fonts.c                   0x00000000   Number         0  fonts.o ABSOLUTE
    ..\\Core\\Src\\ssd1306.c                 0x00000000   Number         0  ssd1306.o ABSOLUTE
    ..\\Core\\Src\\test.c                    0x00000000   Number         0  test.o ABSOLUTE
    dc.s                                     0x00000000   Number         0  dc.o ABSOLUTE
    startup_stm32f103xb.s                    0x00000000   Number         0  startup_stm32f103xb.o ABSOLUTE
    RESET                                    0x08000000   Section      236  startup_stm32f103xb.o(RESET)
    !!!main                                  0x080000ec   Section        8  __main.o(!!!main)
    !!!scatter                               0x080000f4   Section       52  __scatter.o(!!!scatter)
    !!handler_copy                           0x08000128   Section       26  __scatter_copy.o(!!handler_copy)
    !!handler_zi                             0x08000144   Section       28  __scatter_zi.o(!!handler_zi)
    .ARM.Collect$$_printf_percent$$00000000  0x08000160   Section        0  _printf_percent.o(.ARM.Collect$$_printf_percent$$00000000)
    .ARM.Collect$$_printf_percent$$00000009  0x08000160   Section        6  _printf_d.o(.ARM.Collect$$_printf_percent$$00000009)
    .ARM.Collect$$_printf_percent$$00000017  0x08000166   Section        4  _printf_percent_end.o(.ARM.Collect$$_printf_percent$$00000017)
    .ARM.Collect$$libinit$$00000000          0x0800016a   Section        2  libinit.o(.ARM.Collect$$libinit$$00000000)
    .ARM.Collect$$libinit$$00000002          0x0800016c   Section        0  libinit2.o(.ARM.Collect$$libinit$$00000002)
    .ARM.Collect$$libinit$$00000004          0x0800016c   Section        0  libinit2.o(.ARM.Collect$$libinit$$00000004)
    .ARM.Collect$$libinit$$0000000A          0x0800016c   Section        0  libinit2.o(.ARM.Collect$$libinit$$0000000A)
    .ARM.Collect$$libinit$$0000000C          0x0800016c   Section        0  libinit2.o(.ARM.Collect$$libinit$$0000000C)
    .ARM.Collect$$libinit$$0000000E          0x0800016c   Section        0  libinit2.o(.ARM.Collect$$libinit$$0000000E)
    .ARM.Collect$$libinit$$00000011          0x0800016c   Section        0  libinit2.o(.ARM.Collect$$libinit$$00000011)
    .ARM.Collect$$libinit$$00000013          0x0800016c   Section        0  libinit2.o(.ARM.Collect$$libinit$$00000013)
    .ARM.Collect$$libinit$$00000015          0x0800016c   Section        0  libinit2.o(.ARM.Collect$$libinit$$00000015)
    .ARM.Collect$$libinit$$00000017          0x0800016c   Section        0  libinit2.o(.ARM.Collect$$libinit$$00000017)
    .ARM.Collect$$libinit$$00000019          0x0800016c   Section        0  libinit2.o(.ARM.Collect$$libinit$$00000019)
    .ARM.Collect$$libinit$$0000001B          0x0800016c   Section        0  libinit2.o(.ARM.Collect$$libinit$$0000001B)
    .ARM.Collect$$libinit$$0000001D          0x0800016c   Section        0  libinit2.o(.ARM.Collect$$libinit$$0000001D)
    .ARM.Collect$$libinit$$0000001F          0x0800016c   Section        0  libinit2.o(.ARM.Collect$$libinit$$0000001F)
    .ARM.Collect$$libinit$$00000021          0x0800016c   Section        0  libinit2.o(.ARM.Collect$$libinit$$00000021)
    .ARM.Collect$$libinit$$00000023          0x0800016c   Section        0  libinit2.o(.ARM.Collect$$libinit$$00000023)
    .ARM.Collect$$libinit$$00000025          0x0800016c   Section        0  libinit2.o(.ARM.Collect$$libinit$$00000025)
    .ARM.Collect$$libinit$$0000002C          0x0800016c   Section        0  libinit2.o(.ARM.Collect$$libinit$$0000002C)
    .ARM.Collect$$libinit$$0000002E          0x0800016c   Section        0  libinit2.o(.ARM.Collect$$libinit$$0000002E)
    .ARM.Collect$$libinit$$00000030          0x0800016c   Section        0  libinit2.o(.ARM.Collect$$libinit$$00000030)
    .ARM.Collect$$libinit$$00000032          0x0800016c   Section        0  libinit2.o(.ARM.Collect$$libinit$$00000032)
    .ARM.Collect$$libinit$$00000033          0x0800016c   Section        2  libinit2.o(.ARM.Collect$$libinit$$00000033)
    .ARM.Collect$$libshutdown$$00000000      0x0800016e   Section        2  libshutdown.o(.ARM.Collect$$libshutdown$$00000000)
    .ARM.Collect$$libshutdown$$00000002      0x08000170   Section        0  libshutdown2.o(.ARM.Collect$$libshutdown$$00000002)
    .ARM.Collect$$libshutdown$$00000004      0x08000170   Section        0  libshutdown2.o(.ARM.Collect$$libshutdown$$00000004)
    .ARM.Collect$$libshutdown$$00000007      0x08000170   Section        0  libshutdown2.o(.ARM.Collect$$libshutdown$$00000007)
    .ARM.Collect$$libshutdown$$0000000A      0x08000170   Section        0  libshutdown2.o(.ARM.Collect$$libshutdown$$0000000A)
    .ARM.Collect$$libshutdown$$0000000C      0x08000170   Section        0  libshutdown2.o(.ARM.Collect$$libshutdown$$0000000C)
    .ARM.Collect$$libshutdown$$0000000F      0x08000170   Section        0  libshutdown2.o(.ARM.Collect$$libshutdown$$0000000F)
    .ARM.Collect$$libshutdown$$00000010      0x08000170   Section        2  libshutdown2.o(.ARM.Collect$$libshutdown$$00000010)
    .ARM.Collect$$rtentry$$00000000          0x08000172   Section        0  __rtentry.o(.ARM.Collect$$rtentry$$00000000)
    .ARM.Collect$$rtentry$$00000002          0x08000172   Section        0  __rtentry2.o(.ARM.Collect$$rtentry$$00000002)
    .ARM.Collect$$rtentry$$00000004          0x08000172   Section        6  __rtentry4.o(.ARM.Collect$$rtentry$$00000004)
    .ARM.Collect$$rtentry$$00000009          0x08000178   Section        0  __rtentry2.o(.ARM.Collect$$rtentry$$00000009)
    .ARM.Collect$$rtentry$$0000000A          0x08000178   Section        4  __rtentry2.o(.ARM.Collect$$rtentry$$0000000A)
    .ARM.Collect$$rtentry$$0000000C          0x0800017c   Section        0  __rtentry2.o(.ARM.Collect$$rtentry$$0000000C)
    .ARM.Collect$$rtentry$$0000000D          0x0800017c   Section        8  __rtentry2.o(.ARM.Collect$$rtentry$$0000000D)
    .ARM.Collect$$rtexit$$00000000           0x08000184   Section        2  rtexit.o(.ARM.Collect$$rtexit$$00000000)
    .ARM.Collect$$rtexit$$00000002           0x08000186   Section        0  rtexit2.o(.ARM.Collect$$rtexit$$00000002)
    .ARM.Collect$$rtexit$$00000003           0x08000186   Section        4  rtexit2.o(.ARM.Collect$$rtexit$$00000003)
    .ARM.Collect$$rtexit$$00000004           0x0800018a   Section        6  rtexit2.o(.ARM.Collect$$rtexit$$00000004)
    .text                                    0x08000190   Section       64  startup_stm32f103xb.o(.text)
    .text                                    0x080001d0   Section        0  noretval__2sprintf.o(.text)
    .text                                    0x080001f8   Section        0  __printf.o(.text)
    .text                                    0x08000260   Section        0  _printf_dec.o(.text)
    .text                                    0x080002d8   Section       16  aeabi_memset.o(.text)
    .text                                    0x080002e8   Section       78  rt_memclr_w.o(.text)
    .text                                    0x08000336   Section        0  heapauxi.o(.text)
    .text                                    0x0800033c   Section        0  _printf_intcommon.o(.text)
    .text                                    0x080003f0   Section        0  _printf_char_common.o(.text)
    _printf_input_char                       0x080003f1   Thumb Code    10  _printf_char_common.o(.text)
    .text                                    0x08000420   Section        0  _sputc.o(.text)
    .text                                    0x0800042a   Section       68  rt_memclr.o(.text)
    .text                                    0x0800046e   Section       74  sys_stackheap_outer.o(.text)
    .text                                    0x080004b8   Section        0  exit.o(.text)
    .text                                    0x080004cc   Section        8  libspace.o(.text)
    .text                                    0x080004d4   Section        0  sys_exit.o(.text)
    .text                                    0x080004e0   Section        2  use_no_semi.o(.text)
    .text                                    0x080004e2   Section        0  indicate_semi.o(.text)
    i.BusFault_Handler                       0x080004e2   Section        0  stm32f1xx_it.o(i.BusFault_Handler)
    i.COFHMI                                 0x080004e4   Section        0  main.o(i.COFHMI)
    i.COFmenu                                0x08000624   Section        0  main.o(i.COFmenu)
    i.DebugMon_Handler                       0x08000638   Section        0  stm32f1xx_it.o(i.DebugMon_Handler)
    i.EXTI0_IRQHandler                       0x0800063a   Section        0  stm32f1xx_it.o(i.EXTI0_IRQHandler)
    i.EXTI1_IRQHandler                       0x08000640   Section        0  stm32f1xx_it.o(i.EXTI1_IRQHandler)
    i.EXTI2_IRQHandler                       0x08000646   Section        0  stm32f1xx_it.o(i.EXTI2_IRQHandler)
    i.EXTI3_IRQHandler                       0x0800064c   Section        0  stm32f1xx_it.o(i.EXTI3_IRQHandler)
    i.EXTI4_IRQHandler                       0x08000652   Section        0  stm32f1xx_it.o(i.EXTI4_IRQHandler)
    i.EXTI9_5_IRQHandler                     0x08000658   Section        0  stm32f1xx_it.o(i.EXTI9_5_IRQHandler)
    i.Freqmenu                               0x08000660   Section        0  main.o(i.Freqmenu)
    i.HAL_Delay                              0x08000674   Section        0  stm32f1xx_hal.o(i.HAL_Delay)
    i.HAL_GPIO_EXTI_Callback                 0x08000698   Section        0  main.o(i.HAL_GPIO_EXTI_Callback)
    i.HAL_GPIO_EXTI_IRQHandler               0x0800072c   Section        0  stm32f1xx_hal_gpio.o(i.HAL_GPIO_EXTI_IRQHandler)
    i.HAL_GPIO_Init                          0x08000744   Section        0  stm32f1xx_hal_gpio.o(i.HAL_GPIO_Init)
    i.HAL_GPIO_WritePin                      0x08000924   Section        0  stm32f1xx_hal_gpio.o(i.HAL_GPIO_WritePin)
    i.HAL_GetTick                            0x08000930   Section        0  stm32f1xx_hal.o(i.HAL_GetTick)
    i.HAL_I2C_Init                           0x0800093c   Section        0  stm32f1xx_hal_i2c.o(i.HAL_I2C_Init)
    i.HAL_I2C_IsDeviceReady                  0x08000ac4   Section        0  stm32f1xx_hal_i2c.o(i.HAL_I2C_IsDeviceReady)
    i.HAL_I2C_Master_Transmit                0x08000c30   Section        0  stm32f1xx_hal_i2c.o(i.HAL_I2C_Master_Transmit)
    i.HAL_I2C_MspInit                        0x08000d5c   Section        0  stm32f1xx_hal_msp.o(i.HAL_I2C_MspInit)
    i.HAL_IncTick                            0x08000db8   Section        0  stm32f1xx_hal.o(i.HAL_IncTick)
    i.HAL_Init                               0x08000dc8   Section        0  stm32f1xx_hal.o(i.HAL_Init)
    i.HAL_InitTick                           0x08000dec   Section        0  stm32f1xx_hal.o(i.HAL_InitTick)
    i.HAL_MspInit                            0x08000e2c   Section        0  stm32f1xx_hal_msp.o(i.HAL_MspInit)
    i.HAL_NVIC_EnableIRQ                     0x08000e68   Section        0  stm32f1xx_hal_cortex.o(i.HAL_NVIC_EnableIRQ)
    i.HAL_NVIC_SetPriority                   0x08000e84   Section        0  stm32f1xx_hal_cortex.o(i.HAL_NVIC_SetPriority)
    i.HAL_NVIC_SetPriorityGrouping           0x08000ec4   Section        0  stm32f1xx_hal_cortex.o(i.HAL_NVIC_SetPriorityGrouping)
    i.HAL_RCC_ClockConfig                    0x08000ee8   Section        0  stm32f1xx_hal_rcc.o(i.HAL_RCC_ClockConfig)
    i.HAL_RCC_GetPCLK1Freq                   0x08001014   Section        0  stm32f1xx_hal_rcc.o(i.HAL_RCC_GetPCLK1Freq)
    i.HAL_RCC_GetSysClockFreq                0x08001034   Section        0  stm32f1xx_hal_rcc.o(i.HAL_RCC_GetSysClockFreq)
    i.HAL_RCC_OscConfig                      0x080010a0   Section        0  stm32f1xx_hal_rcc.o(i.HAL_RCC_OscConfig)
    i.HAL_SYSTICK_Config                     0x080013c0   Section        0  stm32f1xx_hal_cortex.o(i.HAL_SYSTICK_Config)
    i.HAL_TIMEx_BreakCallback                0x080013e8   Section        0  stm32f1xx_hal_tim_ex.o(i.HAL_TIMEx_BreakCallback)
    i.HAL_TIMEx_CommutCallback               0x080013ea   Section        0  stm32f1xx_hal_tim_ex.o(i.HAL_TIMEx_CommutCallback)
    i.HAL_TIMEx_MasterConfigSynchronization  0x080013ec   Section        0  stm32f1xx_hal_tim_ex.o(i.HAL_TIMEx_MasterConfigSynchronization)
    i.HAL_TIM_Base_Init                      0x08001454   Section        0  stm32f1xx_hal_tim.o(i.HAL_TIM_Base_Init)
    i.HAL_TIM_Base_MspInit                   0x080014b0   Section        0  stm32f1xx_hal_msp.o(i.HAL_TIM_Base_MspInit)
    i.HAL_TIM_Base_Start                     0x080014ec   Section        0  stm32f1xx_hal_tim.o(i.HAL_TIM_Base_Start)
    i.HAL_TIM_ConfigClockSource              0x0800153c   Section        0  stm32f1xx_hal_tim.o(i.HAL_TIM_ConfigClockSource)
    i.HAL_TIM_IC_CaptureCallback             0x08001612   Section        0  stm32f1xx_hal_tim.o(i.HAL_TIM_IC_CaptureCallback)
    i.HAL_TIM_IRQHandler                     0x08001614   Section        0  stm32f1xx_hal_tim.o(i.HAL_TIM_IRQHandler)
    i.HAL_TIM_OC_DelayElapsedCallback        0x0800177a   Section        0  stm32f1xx_hal_tim.o(i.HAL_TIM_OC_DelayElapsedCallback)
    i.HAL_TIM_PWM_PulseFinishedCallback      0x0800177c   Section        0  stm32f1xx_hal_tim.o(i.HAL_TIM_PWM_PulseFinishedCallback)
    i.HAL_TIM_PeriodElapsedCallback          0x0800177e   Section        0  stm32f1xx_hal_tim.o(i.HAL_TIM_PeriodElapsedCallback)
    i.HAL_TIM_TriggerCallback                0x08001780   Section        0  stm32f1xx_hal_tim.o(i.HAL_TIM_TriggerCallback)
    i.HardFault_Handler                      0x08001782   Section        0  stm32f1xx_it.o(i.HardFault_Handler)
    i.I2C_IsAcknowledgeFailed                0x08001784   Section        0  stm32f1xx_hal_i2c.o(i.I2C_IsAcknowledgeFailed)
    I2C_IsAcknowledgeFailed                  0x08001785   Thumb Code    46  stm32f1xx_hal_i2c.o(i.I2C_IsAcknowledgeFailed)
    i.I2C_MasterRequestWrite                 0x080017b4   Section        0  stm32f1xx_hal_i2c.o(i.I2C_MasterRequestWrite)
    I2C_MasterRequestWrite                   0x080017b5   Thumb Code   150  stm32f1xx_hal_i2c.o(i.I2C_MasterRequestWrite)
    i.I2C_WaitOnBTFFlagUntilTimeout          0x08001850   Section        0  stm32f1xx_hal_i2c.o(i.I2C_WaitOnBTFFlagUntilTimeout)
    I2C_WaitOnBTFFlagUntilTimeout            0x08001851   Thumb Code    76  stm32f1xx_hal_i2c.o(i.I2C_WaitOnBTFFlagUntilTimeout)
    i.I2C_WaitOnFlagUntilTimeout             0x0800189c   Section        0  stm32f1xx_hal_i2c.o(i.I2C_WaitOnFlagUntilTimeout)
    I2C_WaitOnFlagUntilTimeout               0x0800189d   Thumb Code   104  stm32f1xx_hal_i2c.o(i.I2C_WaitOnFlagUntilTimeout)
    i.I2C_WaitOnMasterAddressFlagUntilTimeout 0x08001904   Section        0  stm32f1xx_hal_i2c.o(i.I2C_WaitOnMasterAddressFlagUntilTimeout)
    I2C_WaitOnMasterAddressFlagUntilTimeout  0x08001905   Thumb Code   150  stm32f1xx_hal_i2c.o(i.I2C_WaitOnMasterAddressFlagUntilTimeout)
    i.I2C_WaitOnTXEFlagUntilTimeout          0x0800199a   Section        0  stm32f1xx_hal_i2c.o(i.I2C_WaitOnTXEFlagUntilTimeout)
    I2C_WaitOnTXEFlagUntilTimeout            0x0800199b   Thumb Code    76  stm32f1xx_hal_i2c.o(i.I2C_WaitOnTXEFlagUntilTimeout)
    i.MX_GPIO_Init                           0x080019e8   Section        0  main.o(i.MX_GPIO_Init)
    MX_GPIO_Init                             0x080019e9   Thumb Code   290  main.o(i.MX_GPIO_Init)
    i.MX_TIM1_Init                           0x08001b20   Section        0  main.o(i.MX_TIM1_Init)
    MX_TIM1_Init                             0x08001b21   Thumb Code    98  main.o(i.MX_TIM1_Init)
    i.Mainmenu                               0x08001b8c   Section        0  main.o(i.Mainmenu)
    i.MemManage_Handler                      0x08001ba0   Section        0  stm32f1xx_it.o(i.MemManage_Handler)
    i.Menu_handler                           0x08001ba4   Section        0  main.o(i.Menu_handler)
    i.NMI_Handler                            0x08001dc0   Section        0  stm32f1xx_it.o(i.NMI_Handler)
    i.PendSV_Handler                         0x08001dc2   Section        0  stm32f1xx_it.o(i.PendSV_Handler)
    i.Run_FWD                                0x08001dc4   Section        0  main.o(i.Run_FWD)
    i.SSD1306_Clear                          0x08001dfc   Section        0  ssd1306.o(i.SSD1306_Clear)
    i.SSD1306_DrawBitmap                     0x08001e0c   Section        0  ssd1306.o(i.SSD1306_DrawBitmap)
    i.SSD1306_DrawPixel                      0x08001e80   Section        0  ssd1306.o(i.SSD1306_DrawPixel)
    i.SSD1306_Fill                           0x08001ec0   Section        0  ssd1306.o(i.SSD1306_Fill)
    i.SSD1306_GotoXY                         0x08001ed8   Section        0  ssd1306.o(i.SSD1306_GotoXY)
    i.SSD1306_Init                           0x08001ee4   Section        0  ssd1306.o(i.SSD1306_Init)
    i.SSD1306_Putc                           0x0800204c   Section        0  ssd1306.o(i.SSD1306_Putc)
    i.SSD1306_Puts                           0x080020ec   Section        0  ssd1306.o(i.SSD1306_Puts)
    i.SSD1306_UpdateScreen                   0x08002114   Section        0  ssd1306.o(i.SSD1306_UpdateScreen)
    i.SVC_Handler                            0x0800215c   Section        0  stm32f1xx_it.o(i.SVC_Handler)
    i.SpeedHMI                               0x08002160   Section        0  main.o(i.SpeedHMI)
    i.SysTick_Handler                        0x08002300   Section        0  stm32f1xx_it.o(i.SysTick_Handler)
    i.SystemClock_Config                     0x08002304   Section        0  main.o(i.SystemClock_Config)
    i.SystemInit                             0x08002362   Section        0  system_stm32f1xx.o(i.SystemInit)
    i.TIM1_CC_IRQHandler                     0x08002364   Section        0  stm32f1xx_it.o(i.TIM1_CC_IRQHandler)
    i.TIM_Base_SetConfig                     0x08002370   Section        0  stm32f1xx_hal_tim.o(i.TIM_Base_SetConfig)
    i.TIM_ETR_SetConfig                      0x080023dc   Section        0  stm32f1xx_hal_tim.o(i.TIM_ETR_SetConfig)
    i.TIM_ITRx_SetConfig                     0x080023f0   Section        0  stm32f1xx_hal_tim.o(i.TIM_ITRx_SetConfig)
    TIM_ITRx_SetConfig                       0x080023f1   Thumb Code    16  stm32f1xx_hal_tim.o(i.TIM_ITRx_SetConfig)
    i.TIM_TI1_ConfigInputStage               0x08002400   Section        0  stm32f1xx_hal_tim.o(i.TIM_TI1_ConfigInputStage)
    TIM_TI1_ConfigInputStage                 0x08002401   Thumb Code    34  stm32f1xx_hal_tim.o(i.TIM_TI1_ConfigInputStage)
    i.TIM_TI2_ConfigInputStage               0x08002422   Section        0  stm32f1xx_hal_tim.o(i.TIM_TI2_ConfigInputStage)
    TIM_TI2_ConfigInputStage                 0x08002423   Thumb Code    36  stm32f1xx_hal_tim.o(i.TIM_TI2_ConfigInputStage)
    i.UsageFault_Handler                     0x08002446   Section        0  stm32f1xx_it.o(i.UsageFault_Handler)
    i.__NVIC_SetPriority                     0x08002448   Section        0  stm32f1xx_hal_cortex.o(i.__NVIC_SetPriority)
    __NVIC_SetPriority                       0x08002449   Thumb Code    32  stm32f1xx_hal_cortex.o(i.__NVIC_SetPriority)
    i.calculatime                            0x08002468   Section        0  main.o(i.calculatime)
    i.defaultHMI                             0x080024c4   Section        0  main.o(i.defaultHMI)
    i.defaultmenu                            0x080025b8   Section        0  main.o(i.defaultmenu)
    i.delay_us                               0x080025cc   Section        0  main.o(i.delay_us)
    i.main                                   0x080025e4   Section        0  main.o(i.main)
    i.menuHMI                                0x080026c0   Section        0  main.o(i.menuHMI)
    i.menuHMI_selection                      0x08002824   Section        0  main.o(i.menuHMI_selection)
    i.resetbutton                            0x0800298c   Section        0  main.o(i.resetbutton)
    i.speedmonitor                           0x080029a0   Section        0  main.o(i.speedmonitor)
    i.ssd1306_I2C_Init                       0x080029d4   Section        0  ssd1306.o(i.ssd1306_I2C_Init)
    i.ssd1306_I2C_Write                      0x080029e0   Section        0  ssd1306.o(i.ssd1306_I2C_Write)
    i.ssd1306_I2C_WriteMulti                 0x08002a00   Section        0  ssd1306.o(i.ssd1306_I2C_WriteMulti)
    x$fpl$d2f                                0x08002a38   Section       98  d2f.o(x$fpl$d2f)
    x$fpl$dadd                               0x08002a9c   Section      336  daddsub_clz.o(x$fpl$dadd)
    _dadd1                                   0x08002aad   Thumb Code     0  daddsub_clz.o(x$fpl$dadd)
    x$fpl$dcheck1                            0x08002bec   Section       16  dcheck1.o(x$fpl$dcheck1)
    x$fpl$ddiv                               0x08002bfc   Section      688  ddiv.o(x$fpl$ddiv)
    ddiv_entry                               0x08002c03   Thumb Code     0  ddiv.o(x$fpl$ddiv)
    x$fpl$dfix                               0x08002eac   Section       94  dfix.o(x$fpl$dfix)
    x$fpl$dflt                               0x08002f0a   Section       46  dflt_clz.o(x$fpl$dflt)
    x$fpl$dmul                               0x08002f38   Section      340  dmul.o(x$fpl$dmul)
    x$fpl$dnaninf                            0x0800308c   Section      156  dnaninf.o(x$fpl$dnaninf)
    x$fpl$dretinf                            0x08003128   Section       12  dretinf.o(x$fpl$dretinf)
    x$fpl$drsb                               0x08003134   Section       22  daddsub_clz.o(x$fpl$drsb)
    x$fpl$dsub                               0x0800314c   Section      468  daddsub_clz.o(x$fpl$dsub)
    _dsub1                                   0x0800315d   Thumb Code     0  daddsub_clz.o(x$fpl$dsub)
    x$fpl$f2d                                0x08003320   Section       86  f2d.o(x$fpl$f2d)
    x$fpl$fnaninf                            0x08003376   Section      140  fnaninf.o(x$fpl$fnaninf)
    x$fpl$fretinf                            0x08003402   Section       10  fretinf.o(x$fpl$fretinf)
    x$fpl$retnan                             0x0800340c   Section      100  retnan.o(x$fpl$retnan)
    x$fpl$scalbn                             0x08003470   Section       92  scalbn.o(x$fpl$scalbn)
    x$fpl$trapveneer                         0x080034cc   Section       48  trapv.o(x$fpl$trapveneer)
    .constdata                               0x080034fc   Section     1900  fonts.o(.constdata)
    x$fpl$usenofp                            0x080034fc   Section        0  usenofp.o(x$fpl$usenofp)
    .constdata                               0x08003c68   Section     3420  fonts.o(.constdata)
    .constdata                               0x080049c4   Section      256  main.o(.constdata)
    .constdata                               0x08004ac4   Section       16  system_stm32f1xx.o(.constdata)
    .constdata                               0x08004ad4   Section        8  system_stm32f1xx.o(.constdata)
    .data                                    0x20000000   Section        8  fonts.o(.data)
    .data                                    0x20000008   Section        8  fonts.o(.data)
    .data                                    0x20000010   Section        6  ssd1306.o(.data)
    SSD1306                                  0x20000010   Data           6  ssd1306.o(.data)
    .data                                    0x20000018   Section       80  main.o(.data)
    .data                                    0x20000068   Section       12  stm32f1xx_hal.o(.data)
    .data                                    0x20000074   Section        4  system_stm32f1xx.o(.data)
    .bss                                     0x20000078   Section     1024  ssd1306.o(.bss)
    SSD1306_Buffer                           0x20000078   Data        1024  ssd1306.o(.bss)
    .bss                                     0x20000478   Section      176  main.o(.bss)
    .bss                                     0x20000528   Section       96  libspace.o(.bss)
    HEAP                                     0x20000588   Section      512  startup_stm32f103xb.o(HEAP)
    Heap_Mem                                 0x20000588   Data         512  startup_stm32f103xb.o(HEAP)
    STACK                                    0x20000788   Section     1024  startup_stm32f103xb.o(STACK)
    Stack_Mem                                0x20000788   Data        1024  startup_stm32f103xb.o(STACK)
    __initial_sp                             0x20000b88   Data           0  startup_stm32f103xb.o(STACK)

    Global Symbols

    Symbol Name                              Value     Ov Type        Size  Object(Section)

    BuildAttributes$$THM_ISAv4$P$D$K$B$S$PE$A:L22UL41UL21$X:L11$S22US41US21$IEEE1$IW$USESV6$~STKCKD$USESV7$~SHL$OSPACE$ROPI$EBA8$UX$STANDARDLIB$REQ8$PRES8$EABIv2 0x00000000   Number         0  anon$$obj.o ABSOLUTE
    __ARM_use_no_argv                        0x00000000   Number         0  main.o ABSOLUTE
    __ARM_exceptions_init                     - Undefined Weak Reference
    __alloca_initialize                       - Undefined Weak Reference
    __arm_preinit_                            - Undefined Weak Reference
    __cpp_initialize__aeabi_                  - Undefined Weak Reference
    __cxa_finalize                            - Undefined Weak Reference
    __rt_locale                               - Undefined Weak Reference
    __sigvec_lookup                           - Undefined Weak Reference
    _atexit_init                              - Undefined Weak Reference
    _call_atexit_fns                          - Undefined Weak Reference
    _clock_init                               - Undefined Weak Reference
    _fp_trap_init                             - Undefined Weak Reference
    _fp_trap_shutdown                         - Undefined Weak Reference
    _get_lc_collate                           - Undefined Weak Reference
    _get_lc_ctype                             - Undefined Weak Reference
    _get_lc_monetary                          - Undefined Weak Reference
    _get_lc_numeric                           - Undefined Weak Reference
    _get_lc_time                              - Undefined Weak Reference
    _getenv_init                              - Undefined Weak Reference
    _handle_redirection                       - Undefined Weak Reference
    _init_alloc                               - Undefined Weak Reference
    _init_user_alloc                          - Undefined Weak Reference
    _initio                                   - Undefined Weak Reference
    _printf_post_padding                      - Undefined Weak Reference
    _printf_pre_padding                       - Undefined Weak Reference
    _printf_truncate_signed                   - Undefined Weak Reference
    _printf_truncate_unsigned                 - Undefined Weak Reference
    _rand_init                                - Undefined Weak Reference
    _signal_finish                            - Undefined Weak Reference
    _signal_init                              - Undefined Weak Reference
    _terminate_alloc                          - Undefined Weak Reference
    _terminate_user_alloc                     - Undefined Weak Reference
    _terminateio                              - Undefined Weak Reference
    __Vectors_Size                           0x000000ec   Number         0  startup_stm32f103xb.o ABSOLUTE
    __Vectors                                0x08000000   Data           4  startup_stm32f103xb.o(RESET)
    __Vectors_End                            0x080000ec   Data           0  startup_stm32f103xb.o(RESET)
    __main                                   0x080000ed   Thumb Code     8  __main.o(!!!main)
    __scatterload                            0x080000f5   Thumb Code     0  __scatter.o(!!!scatter)
    __scatterload_rt2                        0x080000f5   Thumb Code    44  __scatter.o(!!!scatter)
    __scatterload_rt2_thumb_only             0x080000f5   Thumb Code     0  __scatter.o(!!!scatter)
    __scatterload_null                       0x08000103   Thumb Code     0  __scatter.o(!!!scatter)
    __scatterload_copy                       0x08000129   Thumb Code    26  __scatter_copy.o(!!handler_copy)
    __scatterload_zeroinit                   0x08000145   Thumb Code    28  __scatter_zi.o(!!handler_zi)
    _printf_d                                0x08000161   Thumb Code     0  _printf_d.o(.ARM.Collect$$_printf_percent$$00000009)
    _printf_percent                          0x08000161   Thumb Code     0  _printf_percent.o(.ARM.Collect$$_printf_percent$$00000000)
    _printf_percent_end                      0x08000167   Thumb Code     0  _printf_percent_end.o(.ARM.Collect$$_printf_percent$$00000017)
    __rt_lib_init                            0x0800016b   Thumb Code     0  libinit.o(.ARM.Collect$$libinit$$00000000)
    __rt_lib_init_alloca_1                   0x0800016d   Thumb Code     0  libinit2.o(.ARM.Collect$$libinit$$0000002E)
    __rt_lib_init_argv_1                     0x0800016d   Thumb Code     0  libinit2.o(.ARM.Collect$$libinit$$0000002C)
    __rt_lib_init_atexit_1                   0x0800016d   Thumb Code     0  libinit2.o(.ARM.Collect$$libinit$$0000001B)
    __rt_lib_init_clock_1                    0x0800016d   Thumb Code     0  libinit2.o(.ARM.Collect$$libinit$$00000021)
    __rt_lib_init_cpp_1                      0x0800016d   Thumb Code     0  libinit2.o(.ARM.Collect$$libinit$$00000032)
    __rt_lib_init_exceptions_1               0x0800016d   Thumb Code     0  libinit2.o(.ARM.Collect$$libinit$$00000030)
    __rt_lib_init_fp_1                       0x0800016d   Thumb Code     0  libinit2.o(.ARM.Collect$$libinit$$00000002)
    __rt_lib_init_fp_trap_1                  0x0800016d   Thumb Code     0  libinit2.o(.ARM.Collect$$libinit$$0000001F)
    __rt_lib_init_getenv_1                   0x0800016d   Thumb Code     0  libinit2.o(.ARM.Collect$$libinit$$00000023)
    __rt_lib_init_heap_1                     0x0800016d   Thumb Code     0  libinit2.o(.ARM.Collect$$libinit$$0000000A)
    __rt_lib_init_lc_collate_1               0x0800016d   Thumb Code     0  libinit2.o(.ARM.Collect$$libinit$$00000011)
    __rt_lib_init_lc_ctype_1                 0x0800016d   Thumb Code     0  libinit2.o(.ARM.Collect$$libinit$$00000013)
    __rt_lib_init_lc_monetary_1              0x0800016d   Thumb Code     0  libinit2.o(.ARM.Collect$$libinit$$00000015)
    __rt_lib_init_lc_numeric_1               0x0800016d   Thumb Code     0  libinit2.o(.ARM.Collect$$libinit$$00000017)
    __rt_lib_init_lc_time_1                  0x0800016d   Thumb Code     0  libinit2.o(.ARM.Collect$$libinit$$00000019)
    __rt_lib_init_preinit_1                  0x0800016d   Thumb Code     0  libinit2.o(.ARM.Collect$$libinit$$00000004)
    __rt_lib_init_rand_1                     0x0800016d   Thumb Code     0  libinit2.o(.ARM.Collect$$libinit$$0000000E)
    __rt_lib_init_return                     0x0800016d   Thumb Code     0  libinit2.o(.ARM.Collect$$libinit$$00000033)
    __rt_lib_init_signal_1                   0x0800016d   Thumb Code     0  libinit2.o(.ARM.Collect$$libinit$$0000001D)
    __rt_lib_init_stdio_1                    0x0800016d   Thumb Code     0  libinit2.o(.ARM.Collect$$libinit$$00000025)
    __rt_lib_init_user_alloc_1               0x0800016d   Thumb Code     0  libinit2.o(.ARM.Collect$$libinit$$0000000C)
    __rt_lib_shutdown                        0x0800016f   Thumb Code     0  libshutdown.o(.ARM.Collect$$libshutdown$$00000000)
    __rt_lib_shutdown_cpp_1                  0x08000171   Thumb Code     0  libshutdown2.o(.ARM.Collect$$libshutdown$$00000002)
    __rt_lib_shutdown_fp_trap_1              0x08000171   Thumb Code     0  libshutdown2.o(.ARM.Collect$$libshutdown$$00000007)
    __rt_lib_shutdown_heap_1                 0x08000171   Thumb Code     0  libshutdown2.o(.ARM.Collect$$libshutdown$$0000000F)
    __rt_lib_shutdown_return                 0x08000171   Thumb Code     0  libshutdown2.o(.ARM.Collect$$libshutdown$$00000010)
    __rt_lib_shutdown_signal_1               0x08000171   Thumb Code     0  libshutdown2.o(.ARM.Collect$$libshutdown$$0000000A)
    __rt_lib_shutdown_stdio_1                0x08000171   Thumb Code     0  libshutdown2.o(.ARM.Collect$$libshutdown$$00000004)
    __rt_lib_shutdown_user_alloc_1           0x08000171   Thumb Code     0  libshutdown2.o(.ARM.Collect$$libshutdown$$0000000C)
    __rt_entry                               0x08000173   Thumb Code     0  __rtentry.o(.ARM.Collect$$rtentry$$00000000)
    __rt_entry_presh_1                       0x08000173   Thumb Code     0  __rtentry2.o(.ARM.Collect$$rtentry$$00000002)
    __rt_entry_sh                            0x08000173   Thumb Code     0  __rtentry4.o(.ARM.Collect$$rtentry$$00000004)
    __rt_entry_li                            0x08000179   Thumb Code     0  __rtentry2.o(.ARM.Collect$$rtentry$$0000000A)
    __rt_entry_postsh_1                      0x08000179   Thumb Code     0  __rtentry2.o(.ARM.Collect$$rtentry$$00000009)
    __rt_entry_main                          0x0800017d   Thumb Code     0  __rtentry2.o(.ARM.Collect$$rtentry$$0000000D)
    __rt_entry_postli_1                      0x0800017d   Thumb Code     0  __rtentry2.o(.ARM.Collect$$rtentry$$0000000C)
    __rt_exit                                0x08000185   Thumb Code     0  rtexit.o(.ARM.Collect$$rtexit$$00000000)
    __rt_exit_ls                             0x08000187   Thumb Code     0  rtexit2.o(.ARM.Collect$$rtexit$$00000003)
    __rt_exit_prels_1                        0x08000187   Thumb Code     0  rtexit2.o(.ARM.Collect$$rtexit$$00000002)
    __rt_exit_exit                           0x0800018b   Thumb Code     0  rtexit2.o(.ARM.Collect$$rtexit$$00000004)
    Reset_Handler                            0x08000191   Thumb Code     8  startup_stm32f103xb.o(.text)
    ADC1_2_IRQHandler                        0x080001ab   Thumb Code     0  startup_stm32f103xb.o(.text)
    CAN1_RX1_IRQHandler                      0x080001ab   Thumb Code     0  startup_stm32f103xb.o(.text)
    CAN1_SCE_IRQHandler                      0x080001ab   Thumb Code     0  startup_stm32f103xb.o(.text)
    DMA1_Channel1_IRQHandler                 0x080001ab   Thumb Code     0  startup_stm32f103xb.o(.text)
    DMA1_Channel2_IRQHandler                 0x080001ab   Thumb Code     0  startup_stm32f103xb.o(.text)
    DMA1_Channel3_IRQHandler                 0x080001ab   Thumb Code     0  startup_stm32f103xb.o(.text)
    DMA1_Channel4_IRQHandler                 0x080001ab   Thumb Code     0  startup_stm32f103xb.o(.text)
    DMA1_Channel5_IRQHandler                 0x080001ab   Thumb Code     0  startup_stm32f103xb.o(.text)
    DMA1_Channel6_IRQHandler                 0x080001ab   Thumb Code     0  startup_stm32f103xb.o(.text)
    DMA1_Channel7_IRQHandler                 0x080001ab   Thumb Code     0  startup_stm32f103xb.o(.text)
    EXTI15_10_IRQHandler                     0x080001ab   Thumb Code     0  startup_stm32f103xb.o(.text)
    FLASH_IRQHandler                         0x080001ab   Thumb Code     0  startup_stm32f103xb.o(.text)
    I2C1_ER_IRQHandler                       0x080001ab   Thumb Code     0  startup_stm32f103xb.o(.text)
    I2C1_EV_IRQHandler                       0x080001ab   Thumb Code     0  startup_stm32f103xb.o(.text)
    I2C2_ER_IRQHandler                       0x080001ab   Thumb Code     0  startup_stm32f103xb.o(.text)
    I2C2_EV_IRQHandler                       0x080001ab   Thumb Code     0  startup_stm32f103xb.o(.text)
    PVD_IRQHandler                           0x080001ab   Thumb Code     0  startup_stm32f103xb.o(.text)
    RCC_IRQHandler                           0x080001ab   Thumb Code     0  startup_stm32f103xb.o(.text)
    RTC_Alarm_IRQHandler                     0x080001ab   Thumb Code     0  startup_stm32f103xb.o(.text)
    RTC_IRQHandler                           0x080001ab   Thumb Code     0  startup_stm32f103xb.o(.text)
    SPI1_IRQHandler                          0x080001ab   Thumb Code     0  startup_stm32f103xb.o(.text)
    SPI2_IRQHandler                          0x080001ab   Thumb Code     0  startup_stm32f103xb.o(.text)
    TAMPER_IRQHandler                        0x080001ab   Thumb Code     0  startup_stm32f103xb.o(.text)
    TIM1_BRK_IRQHandler                      0x080001ab   Thumb Code     0  startup_stm32f103xb.o(.text)
    TIM1_TRG_COM_IRQHandler                  0x080001ab   Thumb Code     0  startup_stm32f103xb.o(.text)
    TIM1_UP_IRQHandler                       0x080001ab   Thumb Code     0  startup_stm32f103xb.o(.text)
    TIM2_IRQHandler                          0x080001ab   Thumb Code     0  startup_stm32f103xb.o(.text)
    TIM3_IRQHandler                          0x080001ab   Thumb Code     0  startup_stm32f103xb.o(.text)
    TIM4_IRQHandler                          0x080001ab   Thumb Code     0  startup_stm32f103xb.o(.text)
    USART1_IRQHandler                        0x080001ab   Thumb Code     0  startup_stm32f103xb.o(.text)
    USART2_IRQHandler                        0x080001ab   Thumb Code     0  startup_stm32f103xb.o(.text)
    USART3_IRQHandler                        0x080001ab   Thumb Code     0  startup_stm32f103xb.o(.text)
    USBWakeUp_IRQHandler                     0x080001ab   Thumb Code     0  startup_stm32f103xb.o(.text)
    USB_HP_CAN1_TX_IRQHandler                0x080001ab   Thumb Code     0  startup_stm32f103xb.o(.text)
    USB_LP_CAN1_RX0_IRQHandler               0x080001ab   Thumb Code     0  startup_stm32f103xb.o(.text)
    WWDG_IRQHandler                          0x080001ab   Thumb Code     0  startup_stm32f103xb.o(.text)
    __user_initial_stackheap                 0x080001ad   Thumb Code     0  startup_stm32f103xb.o(.text)
    __2sprintf                               0x080001d1   Thumb Code    34  noretval__2sprintf.o(.text)
    __printf                                 0x080001f9   Thumb Code   104  __printf.o(.text)
    _printf_int_dec                          0x08000261   Thumb Code   104  _printf_dec.o(.text)
    __aeabi_memset                           0x080002d9   Thumb Code    16  aeabi_memset.o(.text)
    __aeabi_memclr4                          0x080002e9   Thumb Code     0  rt_memclr_w.o(.text)
    __aeabi_memclr8                          0x080002e9   Thumb Code     0  rt_memclr_w.o(.text)
    __rt_memclr_w                            0x080002e9   Thumb Code    78  rt_memclr_w.o(.text)
    _memset_w                                0x080002ed   Thumb Code     0  rt_memclr_w.o(.text)
    __use_two_region_memory                  0x08000337   Thumb Code     2  heapauxi.o(.text)
    __rt_heap_escrow$2region                 0x08000339   Thumb Code     2  heapauxi.o(.text)
    __rt_heap_expand$2region                 0x0800033b   Thumb Code     2  heapauxi.o(.text)
    _printf_int_common                       0x0800033d   Thumb Code   178  _printf_intcommon.o(.text)
    _printf_char_common                      0x080003fb   Thumb Code    32  _printf_char_common.o(.text)
    _sputc                                   0x08000421   Thumb Code    10  _sputc.o(.text)
    __aeabi_memclr                           0x0800042b   Thumb Code     0  rt_memclr.o(.text)
    __rt_memclr                              0x0800042b   Thumb Code    68  rt_memclr.o(.text)
    _memset                                  0x0800042f   Thumb Code     0  rt_memclr.o(.text)
    __user_setup_stackheap                   0x0800046f   Thumb Code    74  sys_stackheap_outer.o(.text)
    exit                                     0x080004b9   Thumb Code    18  exit.o(.text)
    __user_libspace                          0x080004cd   Thumb Code     8  libspace.o(.text)
    __user_perproc_libspace                  0x080004cd   Thumb Code     0  libspace.o(.text)
    __user_perthread_libspace                0x080004cd   Thumb Code     0  libspace.o(.text)
    _sys_exit                                0x080004d5   Thumb Code     8  sys_exit.o(.text)
    __I$use$semihosting                      0x080004e1   Thumb Code     0  use_no_semi.o(.text)
    __use_no_semihosting_swi                 0x080004e1   Thumb Code     2  use_no_semi.o(.text)
    BusFault_Handler                         0x080004e3   Thumb Code     2  stm32f1xx_it.o(i.BusFault_Handler)
    __semihosting_library_function           0x080004e3   Thumb Code     0  indicate_semi.o(.text)
    COFHMI                                   0x080004e5   Thumb Code   220  main.o(i.COFHMI)
    COFmenu                                  0x08000625   Thumb Code    16  main.o(i.COFmenu)
    DebugMon_Handler                         0x08000639   Thumb Code     2  stm32f1xx_it.o(i.DebugMon_Handler)
    EXTI0_IRQHandler                         0x0800063b   Thumb Code     6  stm32f1xx_it.o(i.EXTI0_IRQHandler)
    EXTI1_IRQHandler                         0x08000641   Thumb Code     6  stm32f1xx_it.o(i.EXTI1_IRQHandler)
    EXTI2_IRQHandler                         0x08000647   Thumb Code     6  stm32f1xx_it.o(i.EXTI2_IRQHandler)
    EXTI3_IRQHandler                         0x0800064d   Thumb Code     6  stm32f1xx_it.o(i.EXTI3_IRQHandler)
    EXTI4_IRQHandler                         0x08000653   Thumb Code     6  stm32f1xx_it.o(i.EXTI4_IRQHandler)
    EXTI9_5_IRQHandler                       0x08000659   Thumb Code     6  stm32f1xx_it.o(i.EXTI9_5_IRQHandler)
    Freqmenu                                 0x08000661   Thumb Code    16  main.o(i.Freqmenu)
    HAL_Delay                                0x08000675   Thumb Code    32  stm32f1xx_hal.o(i.HAL_Delay)
    HAL_GPIO_EXTI_Callback                   0x08000699   Thumb Code   140  main.o(i.HAL_GPIO_EXTI_Callback)
    HAL_GPIO_EXTI_IRQHandler                 0x0800072d   Thumb Code    18  stm32f1xx_hal_gpio.o(i.HAL_GPIO_EXTI_IRQHandler)
    HAL_GPIO_Init                            0x08000745   Thumb Code   446  stm32f1xx_hal_gpio.o(i.HAL_GPIO_Init)
    HAL_GPIO_WritePin                        0x08000925   Thumb Code    10  stm32f1xx_hal_gpio.o(i.HAL_GPIO_WritePin)
    HAL_GetTick                              0x08000931   Thumb Code     6  stm32f1xx_hal.o(i.HAL_GetTick)
    HAL_I2C_Init                             0x0800093d   Thumb Code   376  stm32f1xx_hal_i2c.o(i.HAL_I2C_Init)
    HAL_I2C_IsDeviceReady                    0x08000ac5   Thumb Code   354  stm32f1xx_hal_i2c.o(i.HAL_I2C_IsDeviceReady)
    HAL_I2C_Master_Transmit                  0x08000c31   Thumb Code   290  stm32f1xx_hal_i2c.o(i.HAL_I2C_Master_Transmit)
    HAL_I2C_MspInit                          0x08000d5d   Thumb Code    80  stm32f1xx_hal_msp.o(i.HAL_I2C_MspInit)
    HAL_IncTick                              0x08000db9   Thumb Code    12  stm32f1xx_hal.o(i.HAL_IncTick)
    HAL_Init                                 0x08000dc9   Thumb Code    32  stm32f1xx_hal.o(i.HAL_Init)
    HAL_InitTick                             0x08000ded   Thumb Code    54  stm32f1xx_hal.o(i.HAL_InitTick)
    HAL_MspInit                              0x08000e2d   Thumb Code    52  stm32f1xx_hal_msp.o(i.HAL_MspInit)
    HAL_NVIC_EnableIRQ                       0x08000e69   Thumb Code    26  stm32f1xx_hal_cortex.o(i.HAL_NVIC_EnableIRQ)
    HAL_NVIC_SetPriority                     0x08000e85   Thumb Code    60  stm32f1xx_hal_cortex.o(i.HAL_NVIC_SetPriority)
    HAL_NVIC_SetPriorityGrouping             0x08000ec5   Thumb Code    26  stm32f1xx_hal_cortex.o(i.HAL_NVIC_SetPriorityGrouping)
    HAL_RCC_ClockConfig                      0x08000ee9   Thumb Code   280  stm32f1xx_hal_rcc.o(i.HAL_RCC_ClockConfig)
    HAL_RCC_GetPCLK1Freq                     0x08001015   Thumb Code    20  stm32f1xx_hal_rcc.o(i.HAL_RCC_GetPCLK1Freq)
    HAL_RCC_GetSysClockFreq                  0x08001035   Thumb Code    74  stm32f1xx_hal_rcc.o(i.HAL_RCC_GetSysClockFreq)
    HAL_RCC_OscConfig                        0x080010a1   Thumb Code   778  stm32f1xx_hal_rcc.o(i.HAL_RCC_OscConfig)
    HAL_SYSTICK_Config                       0x080013c1   Thumb Code    40  stm32f1xx_hal_cortex.o(i.HAL_SYSTICK_Config)
    HAL_TIMEx_BreakCallback                  0x080013e9   Thumb Code     2  stm32f1xx_hal_tim_ex.o(i.HAL_TIMEx_BreakCallback)
    HAL_TIMEx_CommutCallback                 0x080013eb   Thumb Code     2  stm32f1xx_hal_tim_ex.o(i.HAL_TIMEx_CommutCallback)
    HAL_TIMEx_MasterConfigSynchronization    0x080013ed   Thumb Code    92  stm32f1xx_hal_tim_ex.o(i.HAL_TIMEx_MasterConfigSynchronization)
    HAL_TIM_Base_Init                        0x08001455   Thumb Code    90  stm32f1xx_hal_tim.o(i.HAL_TIM_Base_Init)
    HAL_TIM_Base_MspInit                     0x080014b1   Thumb Code    50  stm32f1xx_hal_msp.o(i.HAL_TIM_Base_MspInit)
    HAL_TIM_Base_Start                       0x080014ed   Thumb Code    66  stm32f1xx_hal_tim.o(i.HAL_TIM_Base_Start)
    HAL_TIM_ConfigClockSource                0x0800153d   Thumb Code   214  stm32f1xx_hal_tim.o(i.HAL_TIM_ConfigClockSource)
    HAL_TIM_IC_CaptureCallback               0x08001613   Thumb Code     2  stm32f1xx_hal_tim.o(i.HAL_TIM_IC_CaptureCallback)
    HAL_TIM_IRQHandler                       0x08001615   Thumb Code   358  stm32f1xx_hal_tim.o(i.HAL_TIM_IRQHandler)
    HAL_TIM_OC_DelayElapsedCallback          0x0800177b   Thumb Code     2  stm32f1xx_hal_tim.o(i.HAL_TIM_OC_DelayElapsedCallback)
    HAL_TIM_PWM_PulseFinishedCallback        0x0800177d   Thumb Code     2  stm32f1xx_hal_tim.o(i.HAL_TIM_PWM_PulseFinishedCallback)
    HAL_TIM_PeriodElapsedCallback            0x0800177f   Thumb Code     2  stm32f1xx_hal_tim.o(i.HAL_TIM_PeriodElapsedCallback)
    HAL_TIM_TriggerCallback                  0x08001781   Thumb Code     2  stm32f1xx_hal_tim.o(i.HAL_TIM_TriggerCallback)
    HardFault_Handler                        0x08001783   Thumb Code     2  stm32f1xx_it.o(i.HardFault_Handler)
    Mainmenu                                 0x08001b8d   Thumb Code    16  main.o(i.Mainmenu)
    MemManage_Handler                        0x08001ba1   Thumb Code     2  stm32f1xx_it.o(i.MemManage_Handler)
    Menu_handler                             0x08001ba5   Thumb Code   520  main.o(i.Menu_handler)
    NMI_Handler                              0x08001dc1   Thumb Code     2  stm32f1xx_it.o(i.NMI_Handler)
    PendSV_Handler                           0x08001dc3   Thumb Code     2  stm32f1xx_it.o(i.PendSV_Handler)
    Run_FWD                                  0x08001dc5   Thumb Code    46  main.o(i.Run_FWD)
    SSD1306_Clear                            0x08001dfd   Thumb Code    16  ssd1306.o(i.SSD1306_Clear)
    SSD1306_DrawBitmap                       0x08001e0d   Thumb Code   114  ssd1306.o(i.SSD1306_DrawBitmap)
    SSD1306_DrawPixel                        0x08001e81   Thumb Code    54  ssd1306.o(i.SSD1306_DrawPixel)
    SSD1306_Fill                             0x08001ec1   Thumb Code    18  ssd1306.o(i.SSD1306_Fill)
    SSD1306_GotoXY                           0x08001ed9   Thumb Code     8  ssd1306.o(i.SSD1306_GotoXY)
    SSD1306_Init                             0x08001ee5   Thumb Code   350  ssd1306.o(i.SSD1306_Init)
    SSD1306_Putc                             0x0800204d   Thumb Code   156  ssd1306.o(i.SSD1306_Putc)
    SSD1306_Puts                             0x080020ed   Thumb Code    40  ssd1306.o(i.SSD1306_Puts)
    SSD1306_UpdateScreen                     0x08002115   Thumb Code    66  ssd1306.o(i.SSD1306_UpdateScreen)
    SVC_Handler                              0x0800215d   Thumb Code     2  stm32f1xx_it.o(i.SVC_Handler)
    SpeedHMI                                 0x08002161   Thumb Code   302  main.o(i.SpeedHMI)
    SysTick_Handler                          0x08002301   Thumb Code     4  stm32f1xx_it.o(i.SysTick_Handler)
    SystemClock_Config                       0x08002305   Thumb Code    94  main.o(i.SystemClock_Config)
    SystemInit                               0x08002363   Thumb Code     2  system_stm32f1xx.o(i.SystemInit)
    TIM1_CC_IRQHandler                       0x08002365   Thumb Code     6  stm32f1xx_it.o(i.TIM1_CC_IRQHandler)
    TIM_Base_SetConfig                       0x08002371   Thumb Code    94  stm32f1xx_hal_tim.o(i.TIM_Base_SetConfig)
    TIM_ETR_SetConfig                        0x080023dd   Thumb Code    20  stm32f1xx_hal_tim.o(i.TIM_ETR_SetConfig)
    UsageFault_Handler                       0x08002447   Thumb Code     2  stm32f1xx_it.o(i.UsageFault_Handler)
    calculatime                              0x08002469   Thumb Code    68  main.o(i.calculatime)
    defaultHMI                               0x080024c5   Thumb Code   122  main.o(i.defaultHMI)
    defaultmenu                              0x080025b9   Thumb Code    16  main.o(i.defaultmenu)
    delay_us                                 0x080025cd   Thumb Code    18  main.o(i.delay_us)
    main                                     0x080025e5   Thumb Code   166  main.o(i.main)
    menuHMI                                  0x080026c1   Thumb Code   230  main.o(i.menuHMI)
    menuHMI_selection                        0x08002825   Thumb Code   234  main.o(i.menuHMI_selection)
    resetbutton                              0x0800298d   Thumb Code    14  main.o(i.resetbutton)
    speedmonitor                             0x080029a1   Thumb Code    42  main.o(i.speedmonitor)
    ssd1306_I2C_Init                         0x080029d5   Thumb Code     8  ssd1306.o(i.ssd1306_I2C_Init)
    ssd1306_I2C_Write                        0x080029e1   Thumb Code    28  ssd1306.o(i.ssd1306_I2C_Write)
    ssd1306_I2C_WriteMulti                   0x08002a01   Thumb Code    50  ssd1306.o(i.ssd1306_I2C_WriteMulti)
    __aeabi_d2f                              0x08002a39   Thumb Code     0  d2f.o(x$fpl$d2f)
    _d2f                                     0x08002a39   Thumb Code    98  d2f.o(x$fpl$d2f)
    __aeabi_dadd                             0x08002a9d   Thumb Code     0  daddsub_clz.o(x$fpl$dadd)
    _dadd                                    0x08002a9d   Thumb Code   332  daddsub_clz.o(x$fpl$dadd)
    __fpl_dcheck_NaN1                        0x08002bed   Thumb Code    10  dcheck1.o(x$fpl$dcheck1)
    __aeabi_ddiv                             0x08002bfd   Thumb Code     0  ddiv.o(x$fpl$ddiv)
    _ddiv                                    0x08002bfd   Thumb Code   552  ddiv.o(x$fpl$ddiv)
    __aeabi_d2iz                             0x08002ead   Thumb Code     0  dfix.o(x$fpl$dfix)
    _dfix                                    0x08002ead   Thumb Code    94  dfix.o(x$fpl$dfix)
    __aeabi_i2d                              0x08002f0b   Thumb Code     0  dflt_clz.o(x$fpl$dflt)
    _dflt                                    0x08002f0b   Thumb Code    46  dflt_clz.o(x$fpl$dflt)
    __aeabi_dmul                             0x08002f39   Thumb Code     0  dmul.o(x$fpl$dmul)
    _dmul                                    0x08002f39   Thumb Code   332  dmul.o(x$fpl$dmul)
    __fpl_dnaninf                            0x0800308d   Thumb Code   156  dnaninf.o(x$fpl$dnaninf)
    __fpl_dretinf                            0x08003129   Thumb Code    12  dretinf.o(x$fpl$dretinf)
    __aeabi_drsub                            0x08003135   Thumb Code     0  daddsub_clz.o(x$fpl$drsb)
    _drsb                                    0x08003135   Thumb Code    22  daddsub_clz.o(x$fpl$drsb)
    __aeabi_dsub                             0x0800314d   Thumb Code     0  daddsub_clz.o(x$fpl$dsub)
    _dsub                                    0x0800314d   Thumb Code   464  daddsub_clz.o(x$fpl$dsub)
    __aeabi_f2d                              0x08003321   Thumb Code     0  f2d.o(x$fpl$f2d)
    _f2d                                     0x08003321   Thumb Code    86  f2d.o(x$fpl$f2d)
    __fpl_fnaninf                            0x08003377   Thumb Code   140  fnaninf.o(x$fpl$fnaninf)
    __fpl_fretinf                            0x08003403   Thumb Code    10  fretinf.o(x$fpl$fretinf)
    __fpl_return_NaN                         0x0800340d   Thumb Code   100  retnan.o(x$fpl$retnan)
    __ARM_scalbn                             0x08003471   Thumb Code    92  scalbn.o(x$fpl$scalbn)
    __fpl_cmpreturn                          0x080034cd   Thumb Code    48  trapv.o(x$fpl$trapveneer)
    Font7x10                                 0x080034fc   Data        1900  fonts.o(.constdata)
    __I$use$fp                               0x080034fc   Number         0  usenofp.o(x$fpl$usenofp)
    Font11x18                                0x08003c68   Data        3420  fonts.o(.constdata)
    mylanlogo                                0x080049c4   Data         256  main.o(.constdata)
    AHBPrescTable                            0x08004ac4   Data          16  system_stm32f1xx.o(.constdata)
    APBPrescTable                            0x08004ad4   Data           8  system_stm32f1xx.o(.constdata)
    Region$$Table$$Base                      0x08004adc   Number         0  anon$$obj.o(Region$$Table)
    Region$$Table$$Limit                     0x08004afc   Number         0  anon$$obj.o(Region$$Table)
    Font_7x10                                0x20000000   Data           8  fonts.o(.data)
    Font_11x18                               0x20000008   Data           8  fonts.o(.data)
    defaultmenu_flag                         0x20000018   Data           4  main.o(.data)
    Main_menu_flag                           0x2000001c   Data           4  main.o(.data)
    Freq_menu_flag                           0x20000020   Data           4  main.o(.data)
    COF_menu_flag                            0x20000024   Data           4  main.o(.data)
    CW_Stepper                               0x20000028   Data           4  main.o(.data)
    CCW_Stepper                              0x2000002c   Data           4  main.o(.data)
    Freq_menu_chosen                         0x20000030   Data           4  main.o(.data)
    COF_menu_chosen                          0x20000034   Data           4  main.o(.data)
    CW_limit                                 0x20000038   Data           4  main.o(.data)
    CCW_limit                                0x2000003c   Data           4  main.o(.data)
    T_Low                                    0x20000040   Data           4  main.o(.data)
    current_speed                            0x20000044   Data           4  main.o(.data)
    button_A                                 0x20000048   Data           4  main.o(.data)
    button_B                                 0x2000004c   Data           4  main.o(.data)
    button_C                                 0x20000050   Data           4  main.o(.data)
    button_D                                 0x20000054   Data           4  main.o(.data)
    button_E                                 0x20000058   Data           4  main.o(.data)
    button_F                                 0x2000005c   Data           4  main.o(.data)
    N_currentspeed                           0x20000060   Data           4  main.o(.data)
    R_currentspeed                           0x20000064   Data           4  main.o(.data)
    uwTickFreq                               0x20000068   Data           1  stm32f1xx_hal.o(.data)
    uwTickPrio                               0x2000006c   Data           4  stm32f1xx_hal.o(.data)
    uwTick                                   0x20000070   Data           4  stm32f1xx_hal.o(.data)
    SystemCoreClock                          0x20000074   Data           4  system_stm32f1xx.o(.data)
    hi2c1                                    0x20000478   Data          84  main.o(.bss)
    htim1                                    0x200004cc   Data          72  main.o(.bss)
    V                                        0x20000514   Data          10  main.o(.bss)
    R                                        0x2000051e   Data          10  main.o(.bss)
    __libspace_start                         0x20000528   Data          96  libspace.o(.bss)
    __temporary_stack_top$libspace           0x20000588   Data           0  libspace.o(.bss)



==============================================================================

Memory Map of the image

  Image Entry point : 0x080000ed

  Load Region LR_IROM1 (Base: 0x08000000, Size: 0x00004b74, Max: 0x00010000, ABSOLUTE)

    Execution Region ER_IROM1 (Exec base: 0x08000000, Load base: 0x08000000, Size: 0x00004afc, Max: 0x00010000, ABSOLUTE)

    Exec Addr    Load Addr    Size         Type   Attr      Idx    E Section Name        Object

    0x08000000   0x08000000   0x000000ec   Data   RO            3    RESET               startup_stm32f103xb.o
    0x080000ec   0x080000ec   0x00000008   Code   RO         3301  * !!!main             c_w.l(__main.o)
    0x080000f4   0x080000f4   0x00000034   Code   RO         3512    !!!scatter          c_w.l(__scatter.o)
    0x08000128   0x08000128   0x0000001a   Code   RO         3514    !!handler_copy      c_w.l(__scatter_copy.o)
    0x08000142   0x08000142   0x00000002   PAD
    0x08000144   0x08000144   0x0000001c   Code   RO         3516    !!handler_zi        c_w.l(__scatter_zi.o)
    0x08000160   0x08000160   0x00000000   Code   RO         3292    .ARM.Collect$$_printf_percent$$00000000  c_w.l(_printf_percent.o)
    0x08000160   0x08000160   0x00000006   Code   RO         3291    .ARM.Collect$$_printf_percent$$00000009  c_w.l(_printf_d.o)
    0x08000166   0x08000166   0x00000004   Code   RO         3338    .ARM.Collect$$_printf_percent$$00000017  c_w.l(_printf_percent_end.o)
    0x0800016a   0x0800016a   0x00000002   Code   RO         3380    .ARM.Collect$$libinit$$00000000  c_w.l(libinit.o)
    0x0800016c   0x0800016c   0x00000000   Code   RO         3389    .ARM.Collect$$libinit$$00000002  c_w.l(libinit2.o)
    0x0800016c   0x0800016c   0x00000000   Code   RO         3391    .ARM.Collect$$libinit$$00000004  c_w.l(libinit2.o)
    0x0800016c   0x0800016c   0x00000000   Code   RO         3394    .ARM.Collect$$libinit$$0000000A  c_w.l(libinit2.o)
    0x0800016c   0x0800016c   0x00000000   Code   RO         3396    .ARM.Collect$$libinit$$0000000C  c_w.l(libinit2.o)
    0x0800016c   0x0800016c   0x00000000   Code   RO         3398    .ARM.Collect$$libinit$$0000000E  c_w.l(libinit2.o)
    0x0800016c   0x0800016c   0x00000000   Code   RO         3401    .ARM.Collect$$libinit$$00000011  c_w.l(libinit2.o)
    0x0800016c   0x0800016c   0x00000000   Code   RO         3403    .ARM.Collect$$libinit$$00000013  c_w.l(libinit2.o)
    0x0800016c   0x0800016c   0x00000000   Code   RO         3405    .ARM.Collect$$libinit$$00000015  c_w.l(libinit2.o)
    0x0800016c   0x0800016c   0x00000000   Code   RO         3407    .ARM.Collect$$libinit$$00000017  c_w.l(libinit2.o)
    0x0800016c   0x0800016c   0x00000000   Code   RO         3409    .ARM.Collect$$libinit$$00000019  c_w.l(libinit2.o)
    0x0800016c   0x0800016c   0x00000000   Code   RO         3411    .ARM.Collect$$libinit$$0000001B  c_w.l(libinit2.o)
    0x0800016c   0x0800016c   0x00000000   Code   RO         3413    .ARM.Collect$$libinit$$0000001D  c_w.l(libinit2.o)
    0x0800016c   0x0800016c   0x00000000   Code   RO         3415    .ARM.Collect$$libinit$$0000001F  c_w.l(libinit2.o)
    0x0800016c   0x0800016c   0x00000000   Code   RO         3417    .ARM.Collect$$libinit$$00000021  c_w.l(libinit2.o)
    0x0800016c   0x0800016c   0x00000000   Code   RO         3419    .ARM.Collect$$libinit$$00000023  c_w.l(libinit2.o)
    0x0800016c   0x0800016c   0x00000000   Code   RO         3421    .ARM.Collect$$libinit$$00000025  c_w.l(libinit2.o)
    0x0800016c   0x0800016c   0x00000000   Code   RO         3425    .ARM.Collect$$libinit$$0000002C  c_w.l(libinit2.o)
    0x0800016c   0x0800016c   0x00000000   Code   RO         3427    .ARM.Collect$$libinit$$0000002E  c_w.l(libinit2.o)
    0x0800016c   0x0800016c   0x00000000   Code   RO         3429    .ARM.Collect$$libinit$$00000030  c_w.l(libinit2.o)
    0x0800016c   0x0800016c   0x00000000   Code   RO         3431    .ARM.Collect$$libinit$$00000032  c_w.l(libinit2.o)
    0x0800016c   0x0800016c   0x00000002   Code   RO         3432    .ARM.Collect$$libinit$$00000033  c_w.l(libinit2.o)
    0x0800016e   0x0800016e   0x00000002   Code   RO         3452    .ARM.Collect$$libshutdown$$00000000  c_w.l(libshutdown.o)
    0x08000170   0x08000170   0x00000000   Code   RO         3465    .ARM.Collect$$libshutdown$$00000002  c_w.l(libshutdown2.o)
    0x08000170   0x08000170   0x00000000   Code   RO         3467    .ARM.Collect$$libshutdown$$00000004  c_w.l(libshutdown2.o)
    0x08000170   0x08000170   0x00000000   Code   RO         3470    .ARM.Collect$$libshutdown$$00000007  c_w.l(libshutdown2.o)
    0x08000170   0x08000170   0x00000000   Code   RO         3473    .ARM.Collect$$libshutdown$$0000000A  c_w.l(libshutdown2.o)
    0x08000170   0x08000170   0x00000000   Code   RO         3475    .ARM.Collect$$libshutdown$$0000000C  c_w.l(libshutdown2.o)
    0x08000170   0x08000170   0x00000000   Code   RO         3478    .ARM.Collect$$libshutdown$$0000000F  c_w.l(libshutdown2.o)
    0x08000170   0x08000170   0x00000002   Code   RO         3479    .ARM.Collect$$libshutdown$$00000010  c_w.l(libshutdown2.o)
    0x08000172   0x08000172   0x00000000   Code   RO         3331    .ARM.Collect$$rtentry$$00000000  c_w.l(__rtentry.o)
    0x08000172   0x08000172   0x00000000   Code   RO         3353    .ARM.Collect$$rtentry$$00000002  c_w.l(__rtentry2.o)
    0x08000172   0x08000172   0x00000006   Code   RO         3365    .ARM.Collect$$rtentry$$00000004  c_w.l(__rtentry4.o)
    0x08000178   0x08000178   0x00000000   Code   RO         3355    .ARM.Collect$$rtentry$$00000009  c_w.l(__rtentry2.o)
    0x08000178   0x08000178   0x00000004   Code   RO         3356    .ARM.Collect$$rtentry$$0000000A  c_w.l(__rtentry2.o)
    0x0800017c   0x0800017c   0x00000000   Code   RO         3358    .ARM.Collect$$rtentry$$0000000C  c_w.l(__rtentry2.o)
    0x0800017c   0x0800017c   0x00000008   Code   RO         3359    .ARM.Collect$$rtentry$$0000000D  c_w.l(__rtentry2.o)
    0x08000184   0x08000184   0x00000002   Code   RO         3386    .ARM.Collect$$rtexit$$00000000  c_w.l(rtexit.o)
    0x08000186   0x08000186   0x00000000   Code   RO         3434    .ARM.Collect$$rtexit$$00000002  c_w.l(rtexit2.o)
    0x08000186   0x08000186   0x00000004   Code   RO         3435    .ARM.Collect$$rtexit$$00000003  c_w.l(rtexit2.o)
    0x0800018a   0x0800018a   0x00000006   Code   RO         3436    .ARM.Collect$$rtexit$$00000004  c_w.l(rtexit2.o)
    0x08000190   0x08000190   0x00000040   Code   RO            4    .text               startup_stm32f103xb.o
    0x080001d0   0x080001d0   0x00000028   Code   RO         3265    .text               c_w.l(noretval__2sprintf.o)
    0x080001f8   0x080001f8   0x00000068   Code   RO         3267    .text               c_w.l(__printf.o)
    0x08000260   0x08000260   0x00000078   Code   RO         3269    .text               c_w.l(_printf_dec.o)
    0x080002d8   0x080002d8   0x00000010   Code   RO         3295    .text               c_w.l(aeabi_memset.o)
    0x080002e8   0x080002e8   0x0000004e   Code   RO         3297    .text               c_w.l(rt_memclr_w.o)
    0x08000336   0x08000336   0x00000006   Code   RO         3299    .text               c_w.l(heapauxi.o)
    0x0800033c   0x0800033c   0x000000b2   Code   RO         3332    .text               c_w.l(_printf_intcommon.o)
    0x080003ee   0x080003ee   0x00000002   PAD
    0x080003f0   0x080003f0   0x00000030   Code   RO         3334    .text               c_w.l(_printf_char_common.o)
    0x08000420   0x08000420   0x0000000a   Code   RO         3336    .text               c_w.l(_sputc.o)
    0x0800042a   0x0800042a   0x00000044   Code   RO         3339    .text               c_w.l(rt_memclr.o)
    0x0800046e   0x0800046e   0x0000004a   Code   RO         3371    .text               c_w.l(sys_stackheap_outer.o)
    0x080004b8   0x080004b8   0x00000012   Code   RO         3373    .text               c_w.l(exit.o)
    0x080004ca   0x080004ca   0x00000002   PAD
    0x080004cc   0x080004cc   0x00000008   Code   RO         3383    .text               c_w.l(libspace.o)
    0x080004d4   0x080004d4   0x0000000c   Code   RO         3444    .text               c_w.l(sys_exit.o)
    0x080004e0   0x080004e0   0x00000002   Code   RO         3455    .text               c_w.l(use_no_semi.o)
    0x080004e2   0x080004e2   0x00000000   Code   RO         3457    .text               c_w.l(indicate_semi.o)
    0x080004e2   0x080004e2   0x00000002   Code   RO          639    i.BusFault_Handler  stm32f1xx_it.o
    0x080004e4   0x080004e4   0x00000140   Code   RO          390    i.COFHMI            main.o
    0x08000624   0x08000624   0x00000014   Code   RO          391    i.COFmenu           main.o
    0x08000638   0x08000638   0x00000002   Code   RO          640    i.DebugMon_Handler  stm32f1xx_it.o
    0x0800063a   0x0800063a   0x00000006   Code   RO          641    i.EXTI0_IRQHandler  stm32f1xx_it.o
    0x08000640   0x08000640   0x00000006   Code   RO          642    i.EXTI1_IRQHandler  stm32f1xx_it.o
    0x08000646   0x08000646   0x00000006   Code   RO          643    i.EXTI2_IRQHandler  stm32f1xx_it.o
    0x0800064c   0x0800064c   0x00000006   Code   RO          644    i.EXTI3_IRQHandler  stm32f1xx_it.o
    0x08000652   0x08000652   0x00000006   Code   RO          645    i.EXTI4_IRQHandler  stm32f1xx_it.o
    0x08000658   0x08000658   0x00000006   Code   RO          646    i.EXTI9_5_IRQHandler  stm32f1xx_it.o
    0x0800065e   0x0800065e   0x00000002   PAD
    0x08000660   0x08000660   0x00000014   Code   RO          393    i.Freqmenu          main.o
    0x08000674   0x08000674   0x00000024   Code   RO         1283    i.HAL_Delay         stm32f1xx_hal.o
    0x08000698   0x08000698   0x00000094   Code   RO          394    i.HAL_GPIO_EXTI_Callback  main.o
    0x0800072c   0x0800072c   0x00000018   Code   RO         1590    i.HAL_GPIO_EXTI_IRQHandler  stm32f1xx_hal_gpio.o
    0x08000744   0x08000744   0x000001e0   Code   RO         1591    i.HAL_GPIO_Init     stm32f1xx_hal_gpio.o
    0x08000924   0x08000924   0x0000000a   Code   RO         1595    i.HAL_GPIO_WritePin  stm32f1xx_hal_gpio.o
    0x0800092e   0x0800092e   0x00000002   PAD
    0x08000930   0x08000930   0x0000000c   Code   RO         1287    i.HAL_GetTick       stm32f1xx_hal.o
    0x0800093c   0x0800093c   0x00000188   Code   RO          855    i.HAL_I2C_Init      stm32f1xx_hal_i2c.o
    0x08000ac4   0x08000ac4   0x0000016c   Code   RO          856    i.HAL_I2C_IsDeviceReady  stm32f1xx_hal_i2c.o
    0x08000c30   0x08000c30   0x0000012c   Code   RO          868    i.HAL_I2C_Master_Transmit  stm32f1xx_hal_i2c.o
    0x08000d5c   0x08000d5c   0x0000005c   Code   RO          761    i.HAL_I2C_MspInit   stm32f1xx_hal_msp.o
    0x08000db8   0x08000db8   0x00000010   Code   RO         1293    i.HAL_IncTick       stm32f1xx_hal.o
    0x08000dc8   0x08000dc8   0x00000024   Code   RO         1294    i.HAL_Init          stm32f1xx_hal.o
    0x08000dec   0x08000dec   0x00000040   Code   RO         1295    i.HAL_InitTick      stm32f1xx_hal.o
    0x08000e2c   0x08000e2c   0x0000003c   Code   RO          762    i.HAL_MspInit       stm32f1xx_hal_msp.o
    0x08000e68   0x08000e68   0x0000001a   Code   RO         1751    i.HAL_NVIC_EnableIRQ  stm32f1xx_hal_cortex.o
    0x08000e82   0x08000e82   0x00000002   PAD
    0x08000e84   0x08000e84   0x00000040   Code   RO         1757    i.HAL_NVIC_SetPriority  stm32f1xx_hal_cortex.o
    0x08000ec4   0x08000ec4   0x00000024   Code   RO         1758    i.HAL_NVIC_SetPriorityGrouping  stm32f1xx_hal_cortex.o
    0x08000ee8   0x08000ee8   0x0000012c   Code   RO         1451    i.HAL_RCC_ClockConfig  stm32f1xx_hal_rcc.o
    0x08001014   0x08001014   0x00000020   Code   RO         1458    i.HAL_RCC_GetPCLK1Freq  stm32f1xx_hal_rcc.o
    0x08001034   0x08001034   0x0000006c   Code   RO         1460    i.HAL_RCC_GetSysClockFreq  stm32f1xx_hal_rcc.o
    0x080010a0   0x080010a0   0x00000320   Code   RO         1463    i.HAL_RCC_OscConfig  stm32f1xx_hal_rcc.o
    0x080013c0   0x080013c0   0x00000028   Code   RO         1762    i.HAL_SYSTICK_Config  stm32f1xx_hal_cortex.o
    0x080013e8   0x080013e8   0x00000002   Code   RO         2957    i.HAL_TIMEx_BreakCallback  stm32f1xx_hal_tim_ex.o
    0x080013ea   0x080013ea   0x00000002   Code   RO         2958    i.HAL_TIMEx_CommutCallback  stm32f1xx_hal_tim_ex.o
    0x080013ec   0x080013ec   0x00000068   Code   RO         2976    i.HAL_TIMEx_MasterConfigSynchronization  stm32f1xx_hal_tim_ex.o
    0x08001454   0x08001454   0x0000005a   Code   RO         2253    i.HAL_TIM_Base_Init  stm32f1xx_hal_tim.o
    0x080014ae   0x080014ae   0x00000002   PAD
    0x080014b0   0x080014b0   0x0000003c   Code   RO          764    i.HAL_TIM_Base_MspInit  stm32f1xx_hal_msp.o
    0x080014ec   0x080014ec   0x00000050   Code   RO         2256    i.HAL_TIM_Base_Start  stm32f1xx_hal_tim.o
    0x0800153c   0x0800153c   0x000000d6   Code   RO         2262    i.HAL_TIM_ConfigClockSource  stm32f1xx_hal_tim.o
    0x08001612   0x08001612   0x00000002   Code   RO         2287    i.HAL_TIM_IC_CaptureCallback  stm32f1xx_hal_tim.o
    0x08001614   0x08001614   0x00000166   Code   RO         2301    i.HAL_TIM_IRQHandler  stm32f1xx_hal_tim.o
    0x0800177a   0x0800177a   0x00000002   Code   RO         2304    i.HAL_TIM_OC_DelayElapsedCallback  stm32f1xx_hal_tim.o
    0x0800177c   0x0800177c   0x00000002   Code   RO         2331    i.HAL_TIM_PWM_PulseFinishedCallback  stm32f1xx_hal_tim.o
    0x0800177e   0x0800177e   0x00000002   Code   RO         2339    i.HAL_TIM_PeriodElapsedCallback  stm32f1xx_hal_tim.o
    0x08001780   0x08001780   0x00000002   Code   RO         2344    i.HAL_TIM_TriggerCallback  stm32f1xx_hal_tim.o
    0x08001782   0x08001782   0x00000002   Code   RO          647    i.HardFault_Handler  stm32f1xx_it.o
    0x08001784   0x08001784   0x0000002e   Code   RO          897    i.I2C_IsAcknowledgeFailed  stm32f1xx_hal_i2c.o
    0x080017b2   0x080017b2   0x00000002   PAD
    0x080017b4   0x080017b4   0x0000009c   Code   RO          901    i.I2C_MasterRequestWrite  stm32f1xx_hal_i2c.o
    0x08001850   0x08001850   0x0000004c   Code   RO          912    i.I2C_WaitOnBTFFlagUntilTimeout  stm32f1xx_hal_i2c.o
    0x0800189c   0x0800189c   0x00000068   Code   RO          913    i.I2C_WaitOnFlagUntilTimeout  stm32f1xx_hal_i2c.o
    0x08001904   0x08001904   0x00000096   Code   RO          914    i.I2C_WaitOnMasterAddressFlagUntilTimeout  stm32f1xx_hal_i2c.o
    0x0800199a   0x0800199a   0x0000004c   Code   RO          916    i.I2C_WaitOnTXEFlagUntilTimeout  stm32f1xx_hal_i2c.o
    0x080019e6   0x080019e6   0x00000002   PAD
    0x080019e8   0x080019e8   0x00000138   Code   RO          395    i.MX_GPIO_Init      main.o
    0x08001b20   0x08001b20   0x0000006c   Code   RO          396    i.MX_TIM1_Init      main.o
    0x08001b8c   0x08001b8c   0x00000014   Code   RO          397    i.Mainmenu          main.o
    0x08001ba0   0x08001ba0   0x00000002   Code   RO          648    i.MemManage_Handler  stm32f1xx_it.o
    0x08001ba2   0x08001ba2   0x00000002   PAD
    0x08001ba4   0x08001ba4   0x0000021c   Code   RO          398    i.Menu_handler      main.o
    0x08001dc0   0x08001dc0   0x00000002   Code   RO          649    i.NMI_Handler       stm32f1xx_it.o
    0x08001dc2   0x08001dc2   0x00000002   Code   RO          650    i.PendSV_Handler    stm32f1xx_it.o
    0x08001dc4   0x08001dc4   0x00000038   Code   RO          400    i.Run_FWD           main.o
    0x08001dfc   0x08001dfc   0x00000010   Code   RO          203    i.SSD1306_Clear     ssd1306.o
    0x08001e0c   0x08001e0c   0x00000072   Code   RO          204    i.SSD1306_DrawBitmap  ssd1306.o
    0x08001e7e   0x08001e7e   0x00000002   PAD
    0x08001e80   0x08001e80   0x00000040   Code   RO          210    i.SSD1306_DrawPixel  ssd1306.o
    0x08001ec0   0x08001ec0   0x00000018   Code   RO          213    i.SSD1306_Fill      ssd1306.o
    0x08001ed8   0x08001ed8   0x0000000c   Code   RO          214    i.SSD1306_GotoXY    ssd1306.o
    0x08001ee4   0x08001ee4   0x00000168   Code   RO          215    i.SSD1306_Init      ssd1306.o
    0x0800204c   0x0800204c   0x000000a0   Code   RO          219    i.SSD1306_Putc      ssd1306.o
    0x080020ec   0x080020ec   0x00000028   Code   RO          220    i.SSD1306_Puts      ssd1306.o
    0x08002114   0x08002114   0x00000048   Code   RO          227    i.SSD1306_UpdateScreen  ssd1306.o
    0x0800215c   0x0800215c   0x00000002   Code   RO          651    i.SVC_Handler       stm32f1xx_it.o
    0x0800215e   0x0800215e   0x00000002   PAD
    0x08002160   0x08002160   0x000001a0   Code   RO          401    i.SpeedHMI          main.o
    0x08002300   0x08002300   0x00000004   Code   RO          652    i.SysTick_Handler   stm32f1xx_it.o
    0x08002304   0x08002304   0x0000005e   Code   RO          402    i.SystemClock_Config  main.o
    0x08002362   0x08002362   0x00000002   Code   RO         3225    i.SystemInit        system_stm32f1xx.o
    0x08002364   0x08002364   0x0000000c   Code   RO          653    i.TIM1_CC_IRQHandler  stm32f1xx_it.o
    0x08002370   0x08002370   0x0000006c   Code   RO         2346    i.TIM_Base_SetConfig  stm32f1xx_hal_tim.o
    0x080023dc   0x080023dc   0x00000014   Code   RO         2357    i.TIM_ETR_SetConfig  stm32f1xx_hal_tim.o
    0x080023f0   0x080023f0   0x00000010   Code   RO         2358    i.TIM_ITRx_SetConfig  stm32f1xx_hal_tim.o
    0x08002400   0x08002400   0x00000022   Code   RO         2364    i.TIM_TI1_ConfigInputStage  stm32f1xx_hal_tim.o
    0x08002422   0x08002422   0x00000024   Code   RO         2366    i.TIM_TI2_ConfigInputStage  stm32f1xx_hal_tim.o
    0x08002446   0x08002446   0x00000002   Code   RO          654    i.UsageFault_Handler  stm32f1xx_it.o
    0x08002448   0x08002448   0x00000020   Code   RO         1764    i.__NVIC_SetPriority  stm32f1xx_hal_cortex.o
    0x08002468   0x08002468   0x0000005c   Code   RO          403    i.calculatime       main.o
    0x080024c4   0x080024c4   0x000000f4   Code   RO          404    i.defaultHMI        main.o
    0x080025b8   0x080025b8   0x00000014   Code   RO          405    i.defaultmenu       main.o
    0x080025cc   0x080025cc   0x00000018   Code   RO          406    i.delay_us          main.o
    0x080025e4   0x080025e4   0x000000dc   Code   RO          407    i.main              main.o
    0x080026c0   0x080026c0   0x00000164   Code   RO          408    i.menuHMI           main.o
    0x08002824   0x08002824   0x00000168   Code   RO          409    i.menuHMI_selection  main.o
    0x0800298c   0x0800298c   0x00000014   Code   RO          410    i.resetbutton       main.o
    0x080029a0   0x080029a0   0x00000034   Code   RO          411    i.speedmonitor      main.o
    0x080029d4   0x080029d4   0x0000000c   Code   RO          228    i.ssd1306_I2C_Init  ssd1306.o
    0x080029e0   0x080029e0   0x00000020   Code   RO          229    i.ssd1306_I2C_Write  ssd1306.o
    0x08002a00   0x08002a00   0x00000038   Code   RO          230    i.ssd1306_I2C_WriteMulti  ssd1306.o
    0x08002a38   0x08002a38   0x00000062   Code   RO         3303    x$fpl$d2f           fz_ws.l(d2f.o)
    0x08002a9a   0x08002a9a   0x00000002   PAD
    0x08002a9c   0x08002a9c   0x00000150   Code   RO         3305    x$fpl$dadd          fz_ws.l(daddsub_clz.o)
    0x08002bec   0x08002bec   0x00000010   Code   RO         3341    x$fpl$dcheck1       fz_ws.l(dcheck1.o)
    0x08002bfc   0x08002bfc   0x000002b0   Code   RO         3312    x$fpl$ddiv          fz_ws.l(ddiv.o)
    0x08002eac   0x08002eac   0x0000005e   Code   RO         3315    x$fpl$dfix          fz_ws.l(dfix.o)
    0x08002f0a   0x08002f0a   0x0000002e   Code   RO         3320    x$fpl$dflt          fz_ws.l(dflt_clz.o)
    0x08002f38   0x08002f38   0x00000154   Code   RO         3325    x$fpl$dmul          fz_ws.l(dmul.o)
    0x0800308c   0x0800308c   0x0000009c   Code   RO         3343    x$fpl$dnaninf       fz_ws.l(dnaninf.o)
    0x08003128   0x08003128   0x0000000c   Code   RO         3345    x$fpl$dretinf       fz_ws.l(dretinf.o)
    0x08003134   0x08003134   0x00000016   Code   RO         3306    x$fpl$drsb          fz_ws.l(daddsub_clz.o)
    0x0800314a   0x0800314a   0x00000002   PAD
    0x0800314c   0x0800314c   0x000001d4   Code   RO         3307    x$fpl$dsub          fz_ws.l(daddsub_clz.o)
    0x08003320   0x08003320   0x00000056   Code   RO         3327    x$fpl$f2d           fz_ws.l(f2d.o)
    0x08003376   0x08003376   0x0000008c   Code   RO         3347    x$fpl$fnaninf       fz_ws.l(fnaninf.o)
    0x08003402   0x08003402   0x0000000a   Code   RO         3349    x$fpl$fretinf       fz_ws.l(fretinf.o)
    0x0800340c   0x0800340c   0x00000064   Code   RO         3369    x$fpl$retnan        fz_ws.l(retnan.o)
    0x08003470   0x08003470   0x0000005c   Code   RO         3329    x$fpl$scalbn        fz_ws.l(scalbn.o)
    0x080034cc   0x080034cc   0x00000030   Code   RO         3381    x$fpl$trapveneer    fz_ws.l(trapv.o)
    0x080034fc   0x080034fc   0x00000000   Code   RO         3351    x$fpl$usenofp       fz_ws.l(usenofp.o)
    0x080034fc   0x080034fc   0x0000076c   Data   RO           14    .constdata          fonts.o
    0x08003c68   0x08003c68   0x00000d5c   Data   RO           15    .constdata          fonts.o
    0x080049c4   0x080049c4   0x00000100   Data   RO          414    .constdata          main.o
    0x08004ac4   0x08004ac4   0x00000010   Data   RO         3226    .constdata          system_stm32f1xx.o
    0x08004ad4   0x08004ad4   0x00000008   Data   RO         3227    .constdata          system_stm32f1xx.o
    0x08004adc   0x08004adc   0x00000020   Data   RO         3510    Region$$Table       anon$$obj.o


    Execution Region RW_IRAM1 (Exec base: 0x20000000, Load base: 0x08004afc, Size: 0x00000b88, Max: 0x00005000, ABSOLUTE)

    Exec Addr    Load Addr    Size         Type   Attr      Idx    E Section Name        Object

    0x20000000   0x08004afc   0x00000008   Data   RW           17    .data               fonts.o
    0x20000008   0x08004b04   0x00000008   Data   RW           18    .data               fonts.o
    0x20000010   0x08004b0c   0x00000006   Data   RW          232    .data               ssd1306.o
    0x20000016   0x08004b12   0x00000002   PAD
    0x20000018   0x08004b14   0x00000050   Data   RW          415    .data               main.o
    0x20000068   0x08004b64   0x0000000c   Data   RW         1301    .data               stm32f1xx_hal.o
    0x20000074   0x08004b70   0x00000004   Data   RW         3228    .data               system_stm32f1xx.o
    0x20000078        -       0x00000400   Zero   RW          231    .bss                ssd1306.o
    0x20000478        -       0x000000b0   Zero   RW          413    .bss                main.o
    0x20000528        -       0x00000060   Zero   RW         3384    .bss                c_w.l(libspace.o)
    0x20000588        -       0x00000200   Zero   RW            2    HEAP                startup_stm32f103xb.o
    0x20000788        -       0x00000400   Zero   RW            1    STACK               startup_stm32f103xb.o


==============================================================================

Image component sizes


      Code (inc. data)   RO Data    RW Data    ZI Data      Debug   Object Name

         0          0       5320         16          0     425355   fonts.o
      3442        774        256         80        176     429664   main.o
       962         54          0          6       1024       8175   ssd1306.o
        64         26        236          0       1536        772   startup_stm32f103xb.o
       164         28          0         12          0       5601   stm32f1xx_hal.o
       198         14          0          0          0      28707   stm32f1xx_hal_cortex.o
       514         40          0          0          0       3327   stm32f1xx_hal_gpio.o
      1664         42          0          0          0       9949   stm32f1xx_hal_i2c.o
       212         30          0          0          0       2003   stm32f1xx_hal_msp.o
      1240         88          0          0          0       4441   stm32f1xx_hal_rcc.o
       966         28          0          0          0       9590   stm32f1xx_hal_tim.o
       108         12          0          0          0       2217   stm32f1xx_hal_tim_ex.o
        68          6          0          0          0       6299   stm32f1xx_it.o
         2          0         24          4          0        999   system_stm32f1xx.o
         0          0          0          0          0       1118   test.o

    ----------------------------------------------------------------------
      9622       1142       5868        120       2736     938217   Object Totals
         0          0         32          0          0          0   (incl. Generated)
        18          0          0          2          0          0   (incl. Padding)

    ----------------------------------------------------------------------

      Code (inc. data)   RO Data    RW Data    ZI Data      Debug   Library Member Name

         8          0          0          0          0         68   __main.o
       104          0          0          0          0         84   __printf.o
         0          0          0          0          0          0   __rtentry.o
        12          0          0          0          0          0   __rtentry2.o
         6          0          0          0          0          0   __rtentry4.o
        52          8          0          0          0          0   __scatter.o
        26          0          0          0          0          0   __scatter_copy.o
        28          0          0          0          0          0   __scatter_zi.o
        48          6          0          0          0         96   _printf_char_common.o
         6          0          0          0          0          0   _printf_d.o
       120         16          0          0          0         92   _printf_dec.o
       178          0          0          0          0         88   _printf_intcommon.o
         0          0          0          0          0          0   _printf_percent.o
         4          0          0          0          0          0   _printf_percent_end.o
        10          0          0          0          0         68   _sputc.o
        16          0          0          0          0         68   aeabi_memset.o
        18          0          0          0          0         80   exit.o
         6          0          0          0          0        152   heapauxi.o
         0          0          0          0          0          0   indicate_semi.o
         2          0          0          0          0          0   libinit.o
         2          0          0          0          0          0   libinit2.o
         2          0          0          0          0          0   libshutdown.o
         2          0          0          0          0          0   libshutdown2.o
         8          4          0          0         96         68   libspace.o
        40          6          0          0          0         84   noretval__2sprintf.o
        68          0          0          0          0         68   rt_memclr.o
        78          0          0          0          0         80   rt_memclr_w.o
         2          0          0          0          0          0   rtexit.o
        10          0          0          0          0          0   rtexit2.o
        12          4          0          0          0         68   sys_exit.o
        74          0          0          0          0         80   sys_stackheap_outer.o
         2          0          0          0          0         68   use_no_semi.o
        98          4          0          0          0         92   d2f.o
       826         16          0          0          0        348   daddsub_clz.o
        16          4          0          0          0         68   dcheck1.o
       688        140          0          0          0        208   ddiv.o
        94          4          0          0          0         92   dfix.o
        46          0          0          0          0         68   dflt_clz.o
       340         12          0          0          0        104   dmul.o
       156          4          0          0          0         92   dnaninf.o
        12          0          0          0          0         68   dretinf.o
        86          4          0          0          0         84   f2d.o
       140          4          0          0          0         84   fnaninf.o
        10          0          0          0          0         68   fretinf.o
       100          0          0          0          0         68   retnan.o
        92          0          0          0          0         68   scalbn.o
        48          0          0          0          0         68   trapv.o
         0          0          0          0          0          0   usenofp.o

    ----------------------------------------------------------------------
      3706        236          0          0         96       2892   Library Totals
        10          0          0          0          0          0   (incl. Padding)

    ----------------------------------------------------------------------

      Code (inc. data)   RO Data    RW Data    ZI Data      Debug   Library Name

       944         44          0          0         96       1312   c_w.l
      2752        192          0          0          0       1580   fz_ws.l

    ----------------------------------------------------------------------
      3706        236          0          0         96       2892   Library Totals

    ----------------------------------------------------------------------

==============================================================================


      Code (inc. data)   RO Data    RW Data    ZI Data      Debug   

     13328       1378       5868        120       2832     934969   Grand Totals
     13328       1378       5868        120       2832     934969   ELF Image Totals
     13328       1378       5868        120          0          0   ROM Totals

==============================================================================

    Total RO  Size (Code + RO Data)                19196 (  18.75kB)
    Total RW  Size (RW Data + ZI Data)              2952 (   2.88kB)
    Total ROM Size (Code + RO Data + RW Data)      19316 (  18.86kB)

==============================================================================

