<html>
<body>
<pre>
<h1>µVision Build Log</h1>
<h2>Tool Versions:</h2>
IDE-Version: µVision V5.31.0.0
Copyright (C) 2020 ARM Ltd and ARM Germany GmbH. All rights reserved.
License Information: Khang tran, 4ndykhang, LIC=SDA0P-MFUPQ-CXZU6-DS1JN-HEEBV-VVH11
 
Tool Versions:
Toolchain:       MDK-ARM Plus  Version: 5.31.0.0
Toolchain Path:  C:\Keil_v5\ARM\ARMCC\Bin
C Compiler:      Armcc.exe V5.06 update 6 (build 750)
Assembler:       Armasm.exe V5.06 update 6 (build 750)
Linker/Locator:  ArmLink.exe V5.06 update 6 (build 750)
Library Manager: ArmAr.exe V5.06 update 6 (build 750)
Hex Converter:   FromElf.exe V5.06 update 6 (build 750)
CPU DLL:         SARMCM3.DLL V5.31.0.0
Dialog DLL:      DCM.DLL V1.17.3.0
Target DLL:      STLink\ST-LINKIII-KEIL_SWO.dll V3.0.7.0
Dialog DLL:      TCM.DLL V1.46.0.0
 
<h2>Project:</h2>
D:\5. Project\COATING LAB_COF\1. CODE\MDK-ARM\Menu.uvprojx
Project File Date:  02/22/2023

<h2>Output:</h2>
*** Using Compiler 'V5.06 update 6 (build 750)', folder: 'C:\Keil_v5\ARM\ARMCC\Bin'
Build target 'Menu'
compiling main.c...
../Core/Inc/ssd1306.h(238): warning:  #1295-D: Deprecated declaration ssd1306_I2C_Init - give arg types
  void ssd1306_I2C_Init();
../Core/Inc/mylan.h(24): warning:  #1-D: last line of file ends without a newline
  #endif
../Core/Src/main.c(183): warning:  #188-D: enumerated type mixed with another type
  	SSD1306_Puts("COATING - COF",&Font_7x10,0x01);
../Core/Src/main.c(185): warning:  #188-D: enumerated type mixed with another type
  	SSD1306_Puts("--------------------",&Font_7x10,0x01);
../Core/Src/main.c(187): warning:  #188-D: enumerated type mixed with another type
  	SSD1306_Puts("Speed adjustment",&Font_7x10,speed_adjustment);
../Core/Src/main.c(189): warning:  #188-D: enumerated type mixed with another type
  	SSD1306_Puts("COF Measuarament",&Font_7x10,COF);
../Core/Src/main.c(193): warning:  #188-D: enumerated type mixed with another type
  	SSD1306_Puts("a",&Font_7x10,0x00);
../Core/Src/main.c(195): warning:  #188-D: enumerated type mixed with another type
  	SSD1306_Puts(":Up",&Font_7x10,0x01);
../Core/Src/main.c(198): warning:  #188-D: enumerated type mixed with another type
  	SSD1306_Puts("b",&Font_7x10,0x00);
../Core/Src/main.c(200): warning:  #188-D: enumerated type mixed with another type
  	SSD1306_Puts(":DWN",&Font_7x10,0x01);
../Core/Src/main.c(203): warning:  #188-D: enumerated type mixed with another type
  	SSD1306_Puts("c",&Font_7x10,0x00);
../Core/Src/main.c(205): warning:  #188-D: enumerated type mixed with another type
  	SSD1306_Puts(":<",&Font_7x10,0x01);
../Core/Src/main.c(208): warning:  #188-D: enumerated type mixed with another type
  	SSD1306_Puts("d",&Font_7x10,0x00);
../Core/Src/main.c(210): warning:  #188-D: enumerated type mixed with another type
  	SSD1306_Puts(":Ent",&Font_7x10,0x01);
../Core/Src/main.c(220): warning:  #188-D: enumerated type mixed with another type
  	SSD1306_Puts("COF Measurament",&Font_7x10,0x01);
../Core/Src/main.c(222): warning:  #188-D: enumerated type mixed with another type
  	SSD1306_Puts("--------------------",&Font_7x10,0x01);
../Core/Src/main.c(224): warning:  #188-D: enumerated type mixed with another type
  	SSD1306_Puts("AVG COF =",&Font_11x18,0x01);
../Core/Src/main.c(231): warning:  #188-D: enumerated type mixed with another type
  	SSD1306_Puts("a",&Font_7x10,0x00);
../Core/Src/main.c(233): warning:  #188-D: enumerated type mixed with another type
  	SSD1306_Puts(":Up",&Font_7x10,0x01);
../Core/Src/main.c(236): warning:  #188-D: enumerated type mixed with another type
  	SSD1306_Puts("b",&Font_7x10,0x00);
../Core/Src/main.c(238): warning:  #188-D: enumerated type mixed with another type
  	SSD1306_Puts(":DWN",&Font_7x10,0x01);
../Core/Src/main.c(241): warning:  #188-D: enumerated type mixed with another type
  	SSD1306_Puts("c",&Font_7x10,0x00);
../Core/Src/main.c(243): warning:  #188-D: enumerated type mixed with another type
  	SSD1306_Puts(":<",&Font_7x10,0x01);
../Core/Src/main.c(246): warning:  #188-D: enumerated type mixed with another type
  	SSD1306_Puts("d",&Font_7x10,0x00);
../Core/Src/main.c(248): warning:  #188-D: enumerated type mixed with another type
  	SSD1306_Puts(":Ent",&Font_7x10,0x01);
../Core/Src/main.c(256): warning:  #188-D: enumerated type mixed with another type
  	SSD1306_Puts("SPEED ADJUSTMENT",&Font_7x10,0x01);
../Core/Src/main.c(258): warning:  #188-D: enumerated type mixed with another type
  	SSD1306_Puts("--------------------",&Font_7x10,0x01);
../Core/Src/main.c(260): warning:  #188-D: enumerated type mixed with another type
  	SSD1306_Puts("V=",&Font_11x18,0x01);
../Core/Src/main.c(265): warning:  #223-D: function "sprintf" declared implicitly
  	sprintf(V, "%d", N_currentspeed ); //convert int to String type 
../Core/Src/main.c(266): warning:  #188-D: enumerated type mixed with another type
  	SSD1306_Puts(V ,&Font_11x18,0x01);
../Core/Src/main.c(268): warning:  #188-D: enumerated type mixed with another type
  	SSD1306_Puts(".",&Font_11x18,0x01);
../Core/Src/main.c(271): warning:  #188-D: enumerated type mixed with another type
  	SSD1306_Puts(R ,&Font_11x18,0x01);
../Core/Src/main.c(282): warning:  #188-D: enumerated type mixed with another type
  	SSD1306_Puts("a",&Font_7x10,0x00);
../Core/Src/main.c(284): warning:  #188-D: enumerated type mixed with another type
  	SSD1306_Puts(":Up",&Font_7x10,0x01);
../Core/Src/main.c(287): warning:  #188-D: enumerated type mixed with another type
  	SSD1306_Puts("b",&Font_7x10,0x00);
../Core/Src/main.c(289): warning:  #188-D: enumerated type mixed with another type
  	SSD1306_Puts(":DWN",&Font_7x10,0x01);
../Core/Src/main.c(292): warning:  #188-D: enumerated type mixed with another type
  	SSD1306_Puts("c",&Font_7x10,0x00);
../Core/Src/main.c(294): warning:  #188-D: enumerated type mixed with another type
  	SSD1306_Puts(":<",&Font_7x10,0x01);
../Core/Src/main.c(297): warning:  #188-D: enumerated type mixed with another type
  	SSD1306_Puts("d",&Font_7x10,0x00);
../Core/Src/main.c(299): warning:  #188-D: enumerated type mixed with another type
  	SSD1306_Puts(":Ent",&Font_7x10,0x01);
../Core/Src/main.c(307): warning:  #188-D: enumerated type mixed with another type
  	SSD1306_Puts("COATING - COF",&Font_7x10,0x01);
../Core/Src/main.c(309): warning:  #188-D: enumerated type mixed with another type
  	SSD1306_Puts("--------------------",&Font_7x10,0x01);
../Core/Src/main.c(311): warning:  #188-D: enumerated type mixed with another type
  	SSD1306_Puts("Speed adjustment",&Font_7x10,0x00);
../Core/Src/main.c(313): warning:  #188-D: enumerated type mixed with another type
  	SSD1306_Puts("COF Measuarament",&Font_7x10,0x01);
../Core/Src/main.c(317): warning:  #188-D: enumerated type mixed with another type
  	SSD1306_Puts("a",&Font_7x10,0x00);
../Core/Src/main.c(319): warning:  #188-D: enumerated type mixed with another type
  	SSD1306_Puts(":Up",&Font_7x10,0x01);
../Core/Src/main.c(322): warning:  #188-D: enumerated type mixed with another type
  	SSD1306_Puts("b",&Font_7x10,0x00);
../Core/Src/main.c(324): warning:  #188-D: enumerated type mixed with another type
  	SSD1306_Puts(":DWN",&Font_7x10,0x01);
../Core/Src/main.c(327): warning:  #188-D: enumerated type mixed with another type
  	SSD1306_Puts("c",&Font_7x10,0x00);
../Core/Src/main.c(329): warning:  #188-D: enumerated type mixed with another type
  	SSD1306_Puts(":<",&Font_7x10,0x01);
../Core/Src/main.c(332): warning:  #188-D: enumerated type mixed with another type
  	SSD1306_Puts("d",&Font_7x10,0x00);
../Core/Src/main.c(334): warning:  #188-D: enumerated type mixed with another type
  	SSD1306_Puts(":Ent",&Font_7x10,0x01);
../Core/Src/main.c(345): warning:  #188-D: enumerated type mixed with another type
  	SSD1306_Puts("COATING - COF",&Font_7x10,0x01);
../Core/Src/main.c(347): warning:  #188-D: enumerated type mixed with another type
  	SSD1306_Puts("--------------------",&Font_7x10,0x01);
../Core/Src/main.c(349): warning:  #188-D: enumerated type mixed with another type
  	SSD1306_Puts("Click A: Run FWD",&Font_7x10,0x01);
../Core/Src/main.c(351): warning:  #188-D: enumerated type mixed with another type
  	SSD1306_Puts("Click B: Run BWD",&Font_7x10,0x01);
../Core/Src/main.c(353): warning:  #188-D: enumerated type mixed with another type
  	SSD1306_Puts("Click C: Stop",&Font_7x10,0x01);
../Core/Src/main.c(355): warning:  #188-D: enumerated type mixed with another type
  	SSD1306_Puts("Click D: Open Menu",&Font_7x10,0x01);
../Core/Src/main.c(749): warning:  #188-D: enumerated type mixed with another type
  	SSD1306_Puts("Formulating",&Font_7x10,0x01);
../Core/Src/main.c(751): warning:  #188-D: enumerated type mixed with another type
  	SSD1306_Puts("A Greener World",&Font_7x10,0x01);
../Core/Src/main.c: 60 warnings, 0 errors
linking...
Program Size: Code=13328 RO-data=5868 RW-data=120 ZI-data=2832  
FromELF: creating hex file...
"Menu\Menu.axf" - 0 Error(s), 60 Warning(s).

<h2>Software Packages used:</h2>

Package Vendor: ARM
                http://www.keil.com/pack/ARM.CMSIS.5.7.0.pack
                ARM.CMSIS.5.7.0
                CMSIS (Cortex Microcontroller Software Interface Standard)
   * Component: CORE Version: 5.4.0

Package Vendor: Keil
                http://www.keil.com/pack/Keil.STM32F1xx_DFP.2.4.0.pack
                Keil.STM32F1xx_DFP.2.4.0
                STMicroelectronics STM32F1 Series Device Support, Drivers and Examples

<h2>Collection of Component include folders:</h2>
  .\RTE\_Menu
  C:\Users\khang.tran\AppData\Local\Arm\Packs\ARM\CMSIS\5.7.0\CMSIS\Core\Include
  C:\Users\khang.tran\AppData\Local\Arm\Packs\Keil\STM32F1xx_DFP\2.4.0\Device\Include

<h2>Collection of Component Files used:</h2>

   * Component: ARM::CMSIS:CORE:5.4.0
Build Time Elapsed:  00:00:01
</pre>
</body>
</html>
